<?xml version="1.0"?>
<link_info>
   <banner>MSP430 Linker PC v4.4.4</banner>
   <copyright>Copyright (c) 2003-2015 Texas Instruments Incorporated</copyright>
   <link_time>0x560126cf</link_time>
   <link_errors>0x0</link_errors>
   <output_file>MSP-EXP430F5529LP_ADC12_ISR.out</output_file>
   <entry_point>
      <name>_c_int00_noargs</name>
      <address>0x44c8</address>
   </entry_point>
   <input_file_list>
      <input_file id="fl-2">
         <path>.\</path>
         <kind>object</kind>
         <file>lcd16.obj</file>
         <name>lcd16.obj</name>
      </input_file>
      <input_file id="fl-3">
         <path>.\</path>
         <kind>object</kind>
         <file>thumbwheel.obj</file>
         <name>thumbwheel.obj</name>
      </input_file>
      <input_file id="fl-38">
         <path>D:\ti\ccsv6\tools\compiler\ti-cgt-msp430_4.4.4\lib\</path>
         <kind>archive</kind>
         <file>rts430x_lc_rd_eabi.lib</file>
         <name>boot.obj</name>
      </input_file>
      <input_file id="fl-39">
         <path>D:\ti\ccsv6\tools\compiler\ti-cgt-msp430_4.4.4\lib\</path>
         <kind>archive</kind>
         <file>rts430x_lc_rd_eabi.lib</file>
         <name>boot_special.obj</name>
      </input_file>
      <input_file id="fl-3a">
         <path>D:\ti\ccsv6\tools\compiler\ti-cgt-msp430_4.4.4\lib\</path>
         <kind>archive</kind>
         <file>rts430x_lc_rd_eabi.lib</file>
         <name>copy_decompress_none.obj</name>
      </input_file>
      <input_file id="fl-3b">
         <path>D:\ti\ccsv6\tools\compiler\ti-cgt-msp430_4.4.4\lib\</path>
         <kind>archive</kind>
         <file>rts430x_lc_rd_eabi.lib</file>
         <name>copy_decompress_rle.obj</name>
      </input_file>
      <input_file id="fl-3c">
         <path>D:\ti\ccsv6\tools\compiler\ti-cgt-msp430_4.4.4\lib\</path>
         <kind>archive</kind>
         <file>rts430x_lc_rd_eabi.lib</file>
         <name>copy_zero_init.obj</name>
      </input_file>
      <input_file id="fl-3d">
         <path>D:\ti\ccsv6\tools\compiler\ti-cgt-msp430_4.4.4\lib\</path>
         <kind>archive</kind>
         <file>rts430x_lc_rd_eabi.lib</file>
         <name>cvtdf.obj</name>
      </input_file>
      <input_file id="fl-3e">
         <path>D:\ti\ccsv6\tools\compiler\ti-cgt-msp430_4.4.4\lib\</path>
         <kind>archive</kind>
         <file>rts430x_lc_rd_eabi.lib</file>
         <name>cvtfd.obj</name>
      </input_file>
      <input_file id="fl-3f">
         <path>D:\ti\ccsv6\tools\compiler\ti-cgt-msp430_4.4.4\lib\</path>
         <kind>archive</kind>
         <file>rts430x_lc_rd_eabi.lib</file>
         <name>div16u.obj</name>
      </input_file>
      <input_file id="fl-40">
         <path>D:\ti\ccsv6\tools\compiler\ti-cgt-msp430_4.4.4\lib\</path>
         <kind>archive</kind>
         <file>rts430x_lc_rd_eabi.lib</file>
         <name>exit.obj</name>
      </input_file>
      <input_file id="fl-41">
         <path>D:\ti\ccsv6\tools\compiler\ti-cgt-msp430_4.4.4\lib\</path>
         <kind>archive</kind>
         <file>rts430x_lc_rd_eabi.lib</file>
         <name>exit_gvars.obj</name>
      </input_file>
      <input_file id="fl-42">
         <path>D:\ti\ccsv6\tools\compiler\ti-cgt-msp430_4.4.4\lib\</path>
         <kind>archive</kind>
         <file>rts430x_lc_rd_eabi.lib</file>
         <name>fs_utof.obj</name>
      </input_file>
      <input_file id="fl-43">
         <path>D:\ti\ccsv6\tools\compiler\ti-cgt-msp430_4.4.4\lib\</path>
         <kind>archive</kind>
         <file>rts430x_lc_rd_eabi.lib</file>
         <name>int41.obj</name>
      </input_file>
      <input_file id="fl-44">
         <path>D:\ti\ccsv6\tools\compiler\ti-cgt-msp430_4.4.4\lib\</path>
         <kind>archive</kind>
         <file>rts430x_lc_rd_eabi.lib</file>
         <name>int42.obj</name>
      </input_file>
      <input_file id="fl-45">
         <path>D:\ti\ccsv6\tools\compiler\ti-cgt-msp430_4.4.4\lib\</path>
         <kind>archive</kind>
         <file>rts430x_lc_rd_eabi.lib</file>
         <name>int43.obj</name>
      </input_file>
      <input_file id="fl-46">
         <path>D:\ti\ccsv6\tools\compiler\ti-cgt-msp430_4.4.4\lib\</path>
         <kind>archive</kind>
         <file>rts430x_lc_rd_eabi.lib</file>
         <name>int44.obj</name>
      </input_file>
      <input_file id="fl-47">
         <path>D:\ti\ccsv6\tools\compiler\ti-cgt-msp430_4.4.4\lib\</path>
         <kind>archive</kind>
         <file>rts430x_lc_rd_eabi.lib</file>
         <name>int45.obj</name>
      </input_file>
      <input_file id="fl-48">
         <path>D:\ti\ccsv6\tools\compiler\ti-cgt-msp430_4.4.4\lib\</path>
         <kind>archive</kind>
         <file>rts430x_lc_rd_eabi.lib</file>
         <name>int46.obj</name>
      </input_file>
      <input_file id="fl-49">
         <path>D:\ti\ccsv6\tools\compiler\ti-cgt-msp430_4.4.4\lib\</path>
         <kind>archive</kind>
         <file>rts430x_lc_rd_eabi.lib</file>
         <name>int47.obj</name>
      </input_file>
      <input_file id="fl-4a">
         <path>D:\ti\ccsv6\tools\compiler\ti-cgt-msp430_4.4.4\lib\</path>
         <kind>archive</kind>
         <file>rts430x_lc_rd_eabi.lib</file>
         <name>int48.obj</name>
      </input_file>
      <input_file id="fl-4b">
         <path>D:\ti\ccsv6\tools\compiler\ti-cgt-msp430_4.4.4\lib\</path>
         <kind>archive</kind>
         <file>rts430x_lc_rd_eabi.lib</file>
         <name>int49.obj</name>
      </input_file>
      <input_file id="fl-4c">
         <path>D:\ti\ccsv6\tools\compiler\ti-cgt-msp430_4.4.4\lib\</path>
         <kind>archive</kind>
         <file>rts430x_lc_rd_eabi.lib</file>
         <name>int50.obj</name>
      </input_file>
      <input_file id="fl-4d">
         <path>D:\ti\ccsv6\tools\compiler\ti-cgt-msp430_4.4.4\lib\</path>
         <kind>archive</kind>
         <file>rts430x_lc_rd_eabi.lib</file>
         <name>int51.obj</name>
      </input_file>
      <input_file id="fl-4e">
         <path>D:\ti\ccsv6\tools\compiler\ti-cgt-msp430_4.4.4\lib\</path>
         <kind>archive</kind>
         <file>rts430x_lc_rd_eabi.lib</file>
         <name>int52.obj</name>
      </input_file>
      <input_file id="fl-4f">
         <path>D:\ti\ccsv6\tools\compiler\ti-cgt-msp430_4.4.4\lib\</path>
         <kind>archive</kind>
         <file>rts430x_lc_rd_eabi.lib</file>
         <name>int53.obj</name>
      </input_file>
      <input_file id="fl-50">
         <path>D:\ti\ccsv6\tools\compiler\ti-cgt-msp430_4.4.4\lib\</path>
         <kind>archive</kind>
         <file>rts430x_lc_rd_eabi.lib</file>
         <name>int55.obj</name>
      </input_file>
      <input_file id="fl-51">
         <path>D:\ti\ccsv6\tools\compiler\ti-cgt-msp430_4.4.4\lib\</path>
         <kind>archive</kind>
         <file>rts430x_lc_rd_eabi.lib</file>
         <name>int56.obj</name>
      </input_file>
      <input_file id="fl-52">
         <path>D:\ti\ccsv6\tools\compiler\ti-cgt-msp430_4.4.4\lib\</path>
         <kind>archive</kind>
         <file>rts430x_lc_rd_eabi.lib</file>
         <name>int57.obj</name>
      </input_file>
      <input_file id="fl-53">
         <path>D:\ti\ccsv6\tools\compiler\ti-cgt-msp430_4.4.4\lib\</path>
         <kind>archive</kind>
         <file>rts430x_lc_rd_eabi.lib</file>
         <name>int58.obj</name>
      </input_file>
      <input_file id="fl-54">
         <path>D:\ti\ccsv6\tools\compiler\ti-cgt-msp430_4.4.4\lib\</path>
         <kind>archive</kind>
         <file>rts430x_lc_rd_eabi.lib</file>
         <name>int59.obj</name>
      </input_file>
      <input_file id="fl-55">
         <path>D:\ti\ccsv6\tools\compiler\ti-cgt-msp430_4.4.4\lib\</path>
         <kind>archive</kind>
         <file>rts430x_lc_rd_eabi.lib</file>
         <name>int60.obj</name>
      </input_file>
      <input_file id="fl-56">
         <path>D:\ti\ccsv6\tools\compiler\ti-cgt-msp430_4.4.4\lib\</path>
         <kind>archive</kind>
         <file>rts430x_lc_rd_eabi.lib</file>
         <name>int61.obj</name>
      </input_file>
      <input_file id="fl-57">
         <path>D:\ti\ccsv6\tools\compiler\ti-cgt-msp430_4.4.4\lib\</path>
         <kind>archive</kind>
         <file>rts430x_lc_rd_eabi.lib</file>
         <name>int62.obj</name>
      </input_file>
      <input_file id="fl-58">
         <path>D:\ti\ccsv6\tools\compiler\ti-cgt-msp430_4.4.4\lib\</path>
         <kind>archive</kind>
         <file>rts430x_lc_rd_eabi.lib</file>
         <name>isr_trap.obj</name>
      </input_file>
      <input_file id="fl-59">
         <path>D:\ti\ccsv6\tools\compiler\ti-cgt-msp430_4.4.4\lib\</path>
         <kind>archive</kind>
         <file>rts430x_lc_rd_eabi.lib</file>
         <name>lsl32.obj</name>
      </input_file>
      <input_file id="fl-5a">
         <path>D:\ti\ccsv6\tools\compiler\ti-cgt-msp430_4.4.4\lib\</path>
         <kind>archive</kind>
         <file>rts430x_lc_rd_eabi.lib</file>
         <name>memcpy.obj</name>
      </input_file>
      <input_file id="fl-5b">
         <path>D:\ti\ccsv6\tools\compiler\ti-cgt-msp430_4.4.4\lib\</path>
         <kind>archive</kind>
         <file>rts430x_lc_rd_eabi.lib</file>
         <name>mpu_init.obj</name>
      </input_file>
      <input_file id="fl-5c">
         <path>D:\ti\ccsv6\tools\compiler\ti-cgt-msp430_4.4.4\lib\</path>
         <kind>archive</kind>
         <file>rts430x_lc_rd_eabi.lib</file>
         <name>mpyd.obj</name>
      </input_file>
      <input_file id="fl-5d">
         <path>D:\ti\ccsv6\tools\compiler\ti-cgt-msp430_4.4.4\lib\</path>
         <kind>archive</kind>
         <file>rts430x_lc_rd_eabi.lib</file>
         <name>mult1632_f5hw.obj</name>
      </input_file>
      <input_file id="fl-5e">
         <path>D:\ti\ccsv6\tools\compiler\ti-cgt-msp430_4.4.4\lib\</path>
         <kind>archive</kind>
         <file>rts430x_lc_rd_eabi.lib</file>
         <name>mult16_f5hw.obj</name>
      </input_file>
      <input_file id="fl-5f">
         <path>D:\ti\ccsv6\tools\compiler\ti-cgt-msp430_4.4.4\lib\</path>
         <kind>archive</kind>
         <file>rts430x_lc_rd_eabi.lib</file>
         <name>mult3264_f5hw.obj</name>
      </input_file>
      <input_file id="fl-60">
         <path>D:\ti\ccsv6\tools\compiler\ti-cgt-msp430_4.4.4\lib\</path>
         <kind>archive</kind>
         <file>rts430x_lc_rd_eabi.lib</file>
         <name>mult32_f5hw.obj</name>
      </input_file>
      <input_file id="fl-61">
         <path>D:\ti\ccsv6\tools\compiler\ti-cgt-msp430_4.4.4\lib\</path>
         <kind>archive</kind>
         <file>rts430x_lc_rd_eabi.lib</file>
         <name>mult64_f5hw.obj</name>
      </input_file>
      <input_file id="fl-62">
         <path>D:\ti\ccsv6\tools\compiler\ti-cgt-msp430_4.4.4\lib\</path>
         <kind>archive</kind>
         <file>rts430x_lc_rd_eabi.lib</file>
         <name>pre_init.obj</name>
      </input_file>
      <input_file id="fl-63">
         <path>D:\ti\ccsv6\tools\compiler\ti-cgt-msp430_4.4.4\lib\</path>
         <kind>archive</kind>
         <file>rts430x_lc_rd_eabi.lib</file>
         <name>printf.obj</name>
      </input_file>
      <input_file id="fl-64">
         <path>D:\ti\ccsv6\tools\compiler\ti-cgt-msp430_4.4.4\lib\</path>
         <kind>archive</kind>
         <file>rts430x_lc_rd_eabi.lib</file>
         <name>_lock.obj</name>
      </input_file>
      <input_file id="fl-65">
         <path>D:\ti\ccsv6\tools\compiler\ti-cgt-msp430_4.4.4\lib\</path>
         <kind>archive</kind>
         <file>rts430x_lc_rd_eabi.lib</file>
         <name>_printfi.obj</name>
      </input_file>
      <input_file id="fl-66">
         <path>D:\ti\ccsv6\tools\compiler\ti-cgt-msp430_4.4.4\lib\</path>
         <kind>archive</kind>
         <file>rts430x_lc_rd_eabi.lib</file>
         <name>args_main.obj</name>
      </input_file>
      <input_file id="fl-67">
         <path>D:\ti\ccsv6\tools\compiler\ti-cgt-msp430_4.4.4\lib\</path>
         <kind>archive</kind>
         <file>rts430x_lc_rd_eabi.lib</file>
         <name>asr32.obj</name>
      </input_file>
      <input_file id="fl-68">
         <path>D:\ti\ccsv6\tools\compiler\ti-cgt-msp430_4.4.4\lib\</path>
         <kind>archive</kind>
         <file>rts430x_lc_rd_eabi.lib</file>
         <name>atoi.obj</name>
      </input_file>
      <input_file id="fl-69">
         <path>D:\ti\ccsv6\tools\compiler\ti-cgt-msp430_4.4.4\lib\</path>
         <kind>archive</kind>
         <file>rts430x_lc_rd_eabi.lib</file>
         <name>autoinit_wdt.obj</name>
      </input_file>
      <input_file id="fl-6a">
         <path>D:\ti\ccsv6\tools\compiler\ti-cgt-msp430_4.4.4\lib\</path>
         <kind>archive</kind>
         <file>rts430x_lc_rd_eabi.lib</file>
         <name>cmpd.obj</name>
      </input_file>
      <input_file id="fl-6b">
         <path>D:\ti\ccsv6\tools\compiler\ti-cgt-msp430_4.4.4\lib\</path>
         <kind>archive</kind>
         <file>rts430x_lc_rd_eabi.lib</file>
         <name>ctype.obj</name>
      </input_file>
      <input_file id="fl-6c">
         <path>D:\ti\ccsv6\tools\compiler\ti-cgt-msp430_4.4.4\lib\</path>
         <kind>archive</kind>
         <file>rts430x_lc_rd_eabi.lib</file>
         <name>defs.obj</name>
      </input_file>
      <input_file id="fl-6d">
         <path>D:\ti\ccsv6\tools\compiler\ti-cgt-msp430_4.4.4\lib\</path>
         <kind>archive</kind>
         <file>rts430x_lc_rd_eabi.lib</file>
         <name>div32u.obj</name>
      </input_file>
      <input_file id="fl-6e">
         <path>D:\ti\ccsv6\tools\compiler\ti-cgt-msp430_4.4.4\lib\</path>
         <kind>archive</kind>
         <file>rts430x_lc_rd_eabi.lib</file>
         <name>div64u.obj</name>
      </input_file>
      <input_file id="fl-6f">
         <path>D:\ti\ccsv6\tools\compiler\ti-cgt-msp430_4.4.4\lib\</path>
         <kind>archive</kind>
         <file>rts430x_lc_rd_eabi.lib</file>
         <name>divd.obj</name>
      </input_file>
      <input_file id="fl-70">
         <path>D:\ti\ccsv6\tools\compiler\ti-cgt-msp430_4.4.4\lib\</path>
         <kind>archive</kind>
         <file>rts430x_lc_rd_eabi.lib</file>
         <name>fixdi.obj</name>
      </input_file>
      <input_file id="fl-71">
         <path>D:\ti\ccsv6\tools\compiler\ti-cgt-msp430_4.4.4\lib\</path>
         <kind>archive</kind>
         <file>rts430x_lc_rd_eabi.lib</file>
         <name>fixdli.obj</name>
      </input_file>
      <input_file id="fl-72">
         <path>D:\ti\ccsv6\tools\compiler\ti-cgt-msp430_4.4.4\lib\</path>
         <kind>archive</kind>
         <file>rts430x_lc_rd_eabi.lib</file>
         <name>fltid.obj</name>
      </input_file>
      <input_file id="fl-73">
         <path>D:\ti\ccsv6\tools\compiler\ti-cgt-msp430_4.4.4\lib\</path>
         <kind>archive</kind>
         <file>rts430x_lc_rd_eabi.lib</file>
         <name>fltlid.obj</name>
      </input_file>
      <input_file id="fl-74">
         <path>D:\ti\ccsv6\tools\compiler\ti-cgt-msp430_4.4.4\lib\</path>
         <kind>archive</kind>
         <file>rts430x_lc_rd_eabi.lib</file>
         <name>fputc.obj</name>
      </input_file>
      <input_file id="fl-75">
         <path>D:\ti\ccsv6\tools\compiler\ti-cgt-msp430_4.4.4\lib\</path>
         <kind>archive</kind>
         <file>rts430x_lc_rd_eabi.lib</file>
         <name>fputs.obj</name>
      </input_file>
      <input_file id="fl-76">
         <path>D:\ti\ccsv6\tools\compiler\ti-cgt-msp430_4.4.4\lib\</path>
         <kind>archive</kind>
         <file>rts430x_lc_rd_eabi.lib</file>
         <name>frcdivd.obj</name>
      </input_file>
      <input_file id="fl-77">
         <path>D:\ti\ccsv6\tools\compiler\ti-cgt-msp430_4.4.4\lib\</path>
         <kind>archive</kind>
         <file>rts430x_lc_rd_eabi.lib</file>
         <name>frcmpyd.obj</name>
      </input_file>
      <input_file id="fl-78">
         <path>D:\ti\ccsv6\tools\compiler\ti-cgt-msp430_4.4.4\lib\</path>
         <kind>archive</kind>
         <file>rts430x_lc_rd_eabi.lib</file>
         <name>frexp.obj</name>
      </input_file>
      <input_file id="fl-79">
         <path>D:\ti\ccsv6\tools\compiler\ti-cgt-msp430_4.4.4\lib\</path>
         <kind>archive</kind>
         <file>rts430x_lc_rd_eabi.lib</file>
         <name>ldexp.obj</name>
      </input_file>
      <input_file id="fl-7a">
         <path>D:\ti\ccsv6\tools\compiler\ti-cgt-msp430_4.4.4\lib\</path>
         <kind>archive</kind>
         <file>rts430x_lc_rd_eabi.lib</file>
         <name>lowlev.obj</name>
      </input_file>
      <input_file id="fl-7b">
         <path>D:\ti\ccsv6\tools\compiler\ti-cgt-msp430_4.4.4\lib\</path>
         <kind>archive</kind>
         <file>rts430x_lc_rd_eabi.lib</file>
         <name>lsl64.obj</name>
      </input_file>
      <input_file id="fl-7c">
         <path>D:\ti\ccsv6\tools\compiler\ti-cgt-msp430_4.4.4\lib\</path>
         <kind>archive</kind>
         <file>rts430x_lc_rd_eabi.lib</file>
         <name>lsr32.obj</name>
      </input_file>
      <input_file id="fl-7d">
         <path>D:\ti\ccsv6\tools\compiler\ti-cgt-msp430_4.4.4\lib\</path>
         <kind>archive</kind>
         <file>rts430x_lc_rd_eabi.lib</file>
         <name>lsr64.obj</name>
      </input_file>
      <input_file id="fl-7e">
         <path>D:\ti\ccsv6\tools\compiler\ti-cgt-msp430_4.4.4\lib\</path>
         <kind>archive</kind>
         <file>rts430x_lc_rd_eabi.lib</file>
         <name>ltoa.obj</name>
      </input_file>
      <input_file id="fl-7f">
         <path>D:\ti\ccsv6\tools\compiler\ti-cgt-msp430_4.4.4\lib\</path>
         <kind>archive</kind>
         <file>rts430x_lc_rd_eabi.lib</file>
         <name>memccpy.obj</name>
      </input_file>
      <input_file id="fl-80">
         <path>D:\ti\ccsv6\tools\compiler\ti-cgt-msp430_4.4.4\lib\</path>
         <kind>archive</kind>
         <file>rts430x_lc_rd_eabi.lib</file>
         <name>memchr.obj</name>
      </input_file>
      <input_file id="fl-81">
         <path>D:\ti\ccsv6\tools\compiler\ti-cgt-msp430_4.4.4\lib\</path>
         <kind>archive</kind>
         <file>rts430x_lc_rd_eabi.lib</file>
         <name>memset.obj</name>
      </input_file>
      <input_file id="fl-82">
         <path>D:\ti\ccsv6\tools\compiler\ti-cgt-msp430_4.4.4\lib\</path>
         <kind>archive</kind>
         <file>rts430x_lc_rd_eabi.lib</file>
         <name>mult16.obj</name>
      </input_file>
      <input_file id="fl-83">
         <path>D:\ti\ccsv6\tools\compiler\ti-cgt-msp430_4.4.4\lib\</path>
         <kind>archive</kind>
         <file>rts430x_lc_rd_eabi.lib</file>
         <name>mult32.obj</name>
      </input_file>
      <input_file id="fl-84">
         <path>D:\ti\ccsv6\tools\compiler\ti-cgt-msp430_4.4.4\lib\</path>
         <kind>archive</kind>
         <file>rts430x_lc_rd_eabi.lib</file>
         <name>negd.obj</name>
      </input_file>
      <input_file id="fl-85">
         <path>D:\ti\ccsv6\tools\compiler\ti-cgt-msp430_4.4.4\lib\</path>
         <kind>archive</kind>
         <file>rts430x_lc_rd_eabi.lib</file>
         <name>strchr.obj</name>
      </input_file>
      <input_file id="fl-86">
         <path>D:\ti\ccsv6\tools\compiler\ti-cgt-msp430_4.4.4\lib\</path>
         <kind>archive</kind>
         <file>rts430x_lc_rd_eabi.lib</file>
         <name>strcmp.obj</name>
      </input_file>
      <input_file id="fl-87">
         <path>D:\ti\ccsv6\tools\compiler\ti-cgt-msp430_4.4.4\lib\</path>
         <kind>archive</kind>
         <file>rts430x_lc_rd_eabi.lib</file>
         <name>strlen.obj</name>
      </input_file>
      <input_file id="fl-88">
         <path>D:\ti\ccsv6\tools\compiler\ti-cgt-msp430_4.4.4\lib\</path>
         <kind>archive</kind>
         <file>rts430x_lc_rd_eabi.lib</file>
         <name>strncpy.obj</name>
      </input_file>
      <input_file id="fl-89">
         <path>D:\ti\ccsv6\tools\compiler\ti-cgt-msp430_4.4.4\lib\</path>
         <kind>archive</kind>
         <file>rts430x_lc_rd_eabi.lib</file>
         <name>subd.obj</name>
      </input_file>
      <input_file id="fl-8a">
         <path>D:\ti\ccsv6\tools\compiler\ti-cgt-msp430_4.4.4\lib\</path>
         <kind>archive</kind>
         <file>rts430x_lc_rd_eabi.lib</file>
         <name>toupper.obj</name>
      </input_file>
      <input_file id="fl-8b">
         <path>D:\ti\ccsv6\tools\compiler\ti-cgt-msp430_4.4.4\lib\</path>
         <kind>archive</kind>
         <file>rts430x_lc_rd_eabi.lib</file>
         <name>trgdrv.obj</name>
      </input_file>
      <input_file id="fl-8c">
         <path>D:\ti\ccsv6\tools\compiler\ti-cgt-msp430_4.4.4\lib\</path>
         <kind>archive</kind>
         <file>rts430x_lc_rd_eabi.lib</file>
         <name>trgmsg.obj</name>
      </input_file>
      <input_file id="fl-8d">
         <path>D:\ti\ccsv6\tools\compiler\ti-cgt-msp430_4.4.4\lib\</path>
         <kind>archive</kind>
         <file>rts430x_lc_rd_eabi.lib</file>
         <name>xdclass.obj</name>
      </input_file>
      <input_file id="fl-8e">
         <path>D:\ti\ccsv6\tools\compiler\ti-cgt-msp430_4.4.4\lib\</path>
         <kind>archive</kind>
         <file>rts430x_lc_rd_eabi.lib</file>
         <name>xdscale.obj</name>
      </input_file>
      <input_file id="fl-8f">
         <path>D:\ti\ccsv6\tools\compiler\ti-cgt-msp430_4.4.4\lib\</path>
         <kind>archive</kind>
         <file>rts430x_lc_rd_eabi.lib</file>
         <name>xdunscal.obj</name>
      </input_file>
      <input_file id="fl-90">
         <path>D:\ti\ccsv6\tools\compiler\ti-cgt-msp430_4.4.4\lib\</path>
         <kind>archive</kind>
         <file>rts430x_lc_rd_eabi.lib</file>
         <name>xferaise.obj</name>
      </input_file>
      <input_file id="fl-91">
         <path>D:\ti\ccsv6\tools\compiler\ti-cgt-msp430_4.4.4\lib\</path>
         <kind>archive</kind>
         <file>rts430x_lc_rd_eabi.lib</file>
         <name>xvalues.obj</name>
      </input_file>
      <input_file id="fl-92">
         <path>D:\ti\ccsv6\tools\compiler\ti-cgt-msp430_4.4.4\lib\</path>
         <kind>archive</kind>
         <file>rts430x_lc_rd_eabi.lib</file>
         <name>_io_perm.obj</name>
      </input_file>
      <input_file id="fl-93">
         <path>D:\ti\ccsv6\tools\compiler\ti-cgt-msp430_4.4.4\lib\</path>
         <kind>archive</kind>
         <file>rts430x_lc_rd_eabi.lib</file>
         <name>abs.obj</name>
      </input_file>
      <input_file id="fl-94">
         <path>D:\ti\ccsv6\tools\compiler\ti-cgt-msp430_4.4.4\lib\</path>
         <kind>archive</kind>
         <file>rts430x_lc_rd_eabi.lib</file>
         <name>addd.obj</name>
      </input_file>
      <input_file id="fl-95">
         <path>D:\ti\ccsv6\tools\compiler\ti-cgt-msp430_4.4.4\lib\</path>
         <kind>archive</kind>
         <file>rts430x_lc_rd_eabi.lib</file>
         <name>div16s.obj</name>
      </input_file>
      <input_file id="fl-96">
         <path>D:\ti\ccsv6\tools\compiler\ti-cgt-msp430_4.4.4\lib\</path>
         <kind>archive</kind>
         <file>rts430x_lc_rd_eabi.lib</file>
         <name>div32s.obj</name>
      </input_file>
      <input_file id="fl-97">
         <path>D:\ti\ccsv6\tools\compiler\ti-cgt-msp430_4.4.4\lib\</path>
         <kind>archive</kind>
         <file>rts430x_lc_rd_eabi.lib</file>
         <name>errno.obj</name>
      </input_file>
      <input_file id="fl-98">
         <path>D:\ti\ccsv6\tools\compiler\ti-cgt-msp430_4.4.4\lib\</path>
         <kind>archive</kind>
         <file>rts430x_lc_rd_eabi.lib</file>
         <name>feraiseexcept.obj</name>
      </input_file>
      <input_file id="fl-99">
         <path>D:\ti\ccsv6\tools\compiler\ti-cgt-msp430_4.4.4\lib\</path>
         <kind>archive</kind>
         <file>rts430x_lc_rd_eabi.lib</file>
         <name>fflush.obj</name>
      </input_file>
      <input_file id="fl-9a">
         <path>D:\ti\ccsv6\tools\compiler\ti-cgt-msp430_4.4.4\lib\</path>
         <kind>archive</kind>
         <file>rts430x_lc_rd_eabi.lib</file>
         <name>frcaddd.obj</name>
      </input_file>
      <input_file id="fl-9b">
         <path>D:\ti\ccsv6\tools\compiler\ti-cgt-msp430_4.4.4\lib\</path>
         <kind>archive</kind>
         <file>rts430x_lc_rd_eabi.lib</file>
         <name>fseek.obj</name>
      </input_file>
      <input_file id="fl-9c">
         <path>D:\ti\ccsv6\tools\compiler\ti-cgt-msp430_4.4.4\lib\</path>
         <kind>archive</kind>
         <file>rts430x_lc_rd_eabi.lib</file>
         <name>lsl16.obj</name>
      </input_file>
      <input_file id="fl-9d">
         <path>D:\ti\ccsv6\tools\compiler\ti-cgt-msp430_4.4.4\lib\</path>
         <kind>archive</kind>
         <file>rts430x_lc_rd_eabi.lib</file>
         <name>lsr16.obj</name>
      </input_file>
      <input_file id="fl-9e">
         <path>D:\ti\ccsv6\tools\compiler\ti-cgt-msp430_4.4.4\lib\</path>
         <kind>archive</kind>
         <file>rts430x_lc_rd_eabi.lib</file>
         <name>raise.obj</name>
      </input_file>
      <input_file id="fl-9f">
         <path>D:\ti\ccsv6\tools\compiler\ti-cgt-msp430_4.4.4\lib\</path>
         <kind>archive</kind>
         <file>rts430x_lc_rd_eabi.lib</file>
         <name>renormd.obj</name>
      </input_file>
      <input_file id="fl-a0">
         <path>D:\ti\ccsv6\tools\compiler\ti-cgt-msp430_4.4.4\lib\</path>
         <kind>archive</kind>
         <file>rts430x_lc_rd_eabi.lib</file>
         <name>setvbuf.obj</name>
      </input_file>
      <input_file id="fl-a1">
         <path>D:\ti\ccsv6\tools\compiler\ti-cgt-msp430_4.4.4\lib\</path>
         <kind>archive</kind>
         <file>rts430x_lc_rd_eabi.lib</file>
         <name>signal.obj</name>
      </input_file>
      <input_file id="fl-a2">
         <path>D:\ti\ccsv6\tools\compiler\ti-cgt-msp430_4.4.4\lib\</path>
         <kind>archive</kind>
         <file>rts430x_lc_rd_eabi.lib</file>
         <name>strcpy.obj</name>
      </input_file>
      <input_file id="fl-a3">
         <path>D:\ti\ccsv6\tools\compiler\ti-cgt-msp430_4.4.4\lib\</path>
         <kind>archive</kind>
         <file>rts430x_lc_rd_eabi.lib</file>
         <name>xdnorm.obj</name>
      </input_file>
      <input_file id="fl-a4">
         <path>D:\ti\ccsv6\tools\compiler\ti-cgt-msp430_4.4.4\lib\</path>
         <kind>archive</kind>
         <file>rts430x_lc_rd_eabi.lib</file>
         <name>fopen.obj</name>
      </input_file>
      <input_file id="fl-a5">
         <path>D:\ti\ccsv6\tools\compiler\ti-cgt-msp430_4.4.4\lib\</path>
         <kind>archive</kind>
         <file>rts430x_lc_rd_eabi.lib</file>
         <name>memory.obj</name>
      </input_file>
      <input_file id="fl-a6">
         <path>D:\ti\ccsv6\tools\compiler\ti-cgt-msp430_4.4.4\lib\</path>
         <kind>archive</kind>
         <file>rts430x_lc_rd_eabi.lib</file>
         <name>fclose.obj</name>
      </input_file>
      <input_file id="fl-a7">
         <path>D:\ti\ccsv6\tools\compiler\ti-cgt-msp430_4.4.4\lib\</path>
         <kind>archive</kind>
         <file>rts430x_lc_rd_eabi.lib</file>
         <name>remove.obj</name>
      </input_file>
   </input_file_list>
   <object_component_list>
      <object_component id="oc-483">
         <name>.common:__TI_tmpnams</name>
         <uninitialized>true</uninitialized>
         <run_address>0x292c</run_address>
         <size>0xa0</size>
      </object_component>
      <object_component id="oc-48e">
         <name>.common:parmbuf</name>
         <uninitialized>true</uninitialized>
         <run_address>0x29cc</run_address>
         <size>0x8</size>
      </object_component>
      <object_component id="oc-3d2">
         <name>.common:sys_free</name>
         <uninitialized>true</uninitialized>
         <run_address>0x29d8</run_address>
         <size>0x4</size>
      </object_component>
      <object_component id="oc-47b">
         <name>.common:sys_base</name>
         <uninitialized>true</uninitialized>
         <run_address>0x29d4</run_address>
         <size>0x4</size>
      </object_component>
      <object_component id="oc-47a">
         <name>.common:memsize</name>
         <uninitialized>true</uninitialized>
         <run_address>0x29dc</run_address>
         <size>0x2</size>
      </object_component>
      <object_component id="oc-d3">
         <name>.sysmem</name>
         <uninitialized>true</uninitialized>
         <run_address>0x26cc</run_address>
         <size>0x6</size>
         <input_file_ref idref="fl-a5"/>
      </object_component>
      <object_component id="oc-625">
         <name>.sysmem</name>
         <uninitialized>true</uninitialized>
         <run_address>0x26cc</run_address>
         <size>0x0</size>
      </object_component>
      <object_component id="oc-cf">
         <name>.stack</name>
         <uninitialized>true</uninitialized>
         <run_address>0x4360</run_address>
         <size>0x4</size>
         <input_file_ref idref="fl-38"/>
      </object_component>
      <object_component id="oc-624">
         <name>.stack</name>
         <uninitialized>true</uninitialized>
         <run_address>0x4360</run_address>
         <size>0x0</size>
      </object_component>
      <object_component id="oc-44f">
         <name>.text:__TI_frcdivd</name>
         <load_address>0x10000</load_address>
         <run_address>0x10000</run_address>
         <size>0x452</size>
         <input_file_ref idref="fl-76"/>
      </object_component>
      <object_component id="oc-423">
         <name>.text:__mspabi_divull</name>
         <load_address>0x10452</load_address>
         <run_address>0x10452</run_address>
         <size>0x39a</size>
         <input_file_ref idref="fl-6e"/>
      </object_component>
      <object_component id="oc-1bc">
         <name>.text:__TI_frcmpyd</name>
         <load_address>0x107ec</load_address>
         <run_address>0x107ec</run_address>
         <size>0x2e4</size>
         <input_file_ref idref="fl-77"/>
      </object_component>
      <object_component id="oc-4c8">
         <name>.text:__mspabi_addd</name>
         <load_address>0x10ad0</load_address>
         <run_address>0x10ad0</run_address>
         <size>0x2d8</size>
         <input_file_ref idref="fl-94"/>
      </object_component>
      <object_component id="oc-15e">
         <name>.text:__mspabi_mpyd</name>
         <load_address>0x10da8</load_address>
         <run_address>0x10da8</run_address>
         <size>0x282</size>
         <input_file_ref idref="fl-5c"/>
      </object_component>
      <object_component id="oc-25e">
         <name>.text:_setfield</name>
         <load_address>0x1102a</load_address>
         <run_address>0x1102a</run_address>
         <size>0x262</size>
         <input_file_ref idref="fl-65"/>
      </object_component>
      <object_component id="oc-514">
         <name>.text:__TI_frcaddd</name>
         <load_address>0x1128c</load_address>
         <run_address>0x1128c</run_address>
         <size>0x252</size>
         <input_file_ref idref="fl-9a"/>
      </object_component>
      <object_component id="oc-3b8">
         <name>.text:__mspabi_divd</name>
         <load_address>0x114de</load_address>
         <run_address>0x114de</run_address>
         <size>0x222</size>
         <input_file_ref idref="fl-6f"/>
      </object_component>
      <object_component id="oc-2c1">
         <name>.text:_pproc_fgea</name>
         <load_address>0x11700</load_address>
         <run_address>0x11700</run_address>
         <size>0x218</size>
         <input_file_ref idref="fl-65"/>
      </object_component>
      <object_component id="oc-398">
         <name>.text:ecvt</name>
         <load_address>0x11918</load_address>
         <run_address>0x11918</run_address>
         <size>0x218</size>
         <input_file_ref idref="fl-65"/>
      </object_component>
      <object_component id="oc-3c5">
         <name>.text:acvt</name>
         <load_address>0x11b30</load_address>
         <run_address>0x11b30</run_address>
         <size>0x212</size>
         <input_file_ref idref="fl-65"/>
      </object_component>
      <object_component id="oc-1df">
         <name>.text:__TI_printfi</name>
         <load_address>0x11d42</load_address>
         <run_address>0x11d42</run_address>
         <size>0x202</size>
         <input_file_ref idref="fl-65"/>
      </object_component>
      <object_component id="oc-3ab">
         <name>.text:fcvt</name>
         <load_address>0x11f44</load_address>
         <run_address>0x11f44</run_address>
         <size>0x202</size>
         <input_file_ref idref="fl-65"/>
      </object_component>
      <object_component id="oc-330">
         <name>.text:_pconv_e</name>
         <load_address>0x12146</load_address>
         <run_address>0x12146</run_address>
         <size>0x1a4</size>
         <input_file_ref idref="fl-65"/>
      </object_component>
      <object_component id="oc-4df">
         <name>.text:_Dscale</name>
         <load_address>0x122ea</load_address>
         <run_address>0x122ea</run_address>
         <size>0x19e</size>
         <input_file_ref idref="fl-8e"/>
      </object_component>
      <object_component id="oc-305">
         <name>.text:_getarg_diouxp</name>
         <load_address>0x12488</load_address>
         <run_address>0x12488</run_address>
         <size>0x188</size>
         <input_file_ref idref="fl-65"/>
      </object_component>
      <object_component id="oc-336">
         <name>.text:_pconv_a</name>
         <load_address>0x12610</load_address>
         <run_address>0x12610</run_address>
         <size>0x16e</size>
         <input_file_ref idref="fl-65"/>
      </object_component>
      <object_component id="oc-2bb">
         <name>.text:_pproc_diouxp</name>
         <load_address>0x1277e</load_address>
         <run_address>0x1277e</run_address>
         <size>0x148</size>
         <input_file_ref idref="fl-65"/>
      </object_component>
      <object_component id="oc-4d5">
         <name>.text:_Dnorm</name>
         <load_address>0x128c6</load_address>
         <run_address>0x128c6</run_address>
         <size>0x100</size>
         <input_file_ref idref="fl-a3"/>
      </object_component>
      <object_component id="oc-324">
         <name>.text:_pconv_g</name>
         <load_address>0x129c6</load_address>
         <run_address>0x129c6</run_address>
         <size>0xfc</size>
         <input_file_ref idref="fl-65"/>
      </object_component>
      <object_component id="oc-258">
         <name>.text:_pproc_fwp</name>
         <load_address>0x12ac2</load_address>
         <run_address>0x12ac2</run_address>
         <size>0xfa</size>
         <input_file_ref idref="fl-65"/>
      </object_component>
      <object_component id="oc-23e">
         <name>.text:fputs</name>
         <load_address>0x12bbc</load_address>
         <run_address>0x12bbc</run_address>
         <size>0xf0</size>
         <input_file_ref idref="fl-75"/>
      </object_component>
      <object_component id="oc-2e2">
         <name>.text:setvbuf</name>
         <load_address>0x12cac</load_address>
         <run_address>0x12cac</run_address>
         <size>0xe0</size>
         <input_file_ref idref="fl-a0"/>
      </object_component>
      <object_component id="oc-33c">
         <name>.text:__mspabi_cmpd</name>
         <load_address>0x12d8c</load_address>
         <run_address>0x12d8c</run_address>
         <size>0xd8</size>
         <input_file_ref idref="fl-6a"/>
      </object_component>
      <object_component id="oc-35a">
         <name>.text:malloc</name>
         <load_address>0x12e64</load_address>
         <run_address>0x12e64</run_address>
         <size>0xba</size>
         <input_file_ref idref="fl-a5"/>
      </object_component>
      <object_component id="oc-19f">
         <name>.text:lcdinit</name>
         <load_address>0x12f1e</load_address>
         <run_address>0x12f1e</run_address>
         <size>0xb6</size>
         <input_file_ref idref="fl-2"/>
      </object_component>
      <object_component id="oc-55c">
         <name>.text:__TI_renormd</name>
         <load_address>0x12fd4</load_address>
         <run_address>0x12fd4</run_address>
         <size>0xb2</size>
         <input_file_ref idref="fl-9f"/>
      </object_component>
      <object_component id="oc-264">
         <name>.text:_pproc_str</name>
         <load_address>0x13086</load_address>
         <run_address>0x13086</run_address>
         <size>0xa8</size>
         <input_file_ref idref="fl-65"/>
      </object_component>
      <object_component id="oc-402">
         <name>.text:HOSTlseek</name>
         <load_address>0x1312e</load_address>
         <run_address>0x1312e</run_address>
         <size>0x9e</size>
         <input_file_ref idref="fl-8b"/>
      </object_component>
      <object_component id="oc-30b">
         <name>.text:_ltostr</name>
         <load_address>0x131cc</load_address>
         <run_address>0x131cc</run_address>
         <size>0x9e</size>
         <input_file_ref idref="fl-65"/>
      </object_component>
      <object_component id="oc-432">
         <name>.text:__mspabi_fltlid</name>
         <load_address>0x1326a</load_address>
         <run_address>0x1326a</run_address>
         <size>0x94</size>
         <input_file_ref idref="fl-73"/>
      </object_component>
      <object_component id="oc-39e">
         <name>.text:_ecpy</name>
         <load_address>0x132fe</load_address>
         <run_address>0x132fe</run_address>
         <size>0x94</size>
         <input_file_ref idref="fl-65"/>
      </object_component>
      <object_component id="oc-17d">
         <name>.text:integerToLcd</name>
         <load_address>0x13392</load_address>
         <run_address>0x13392</run_address>
         <size>0x92</size>
         <input_file_ref idref="fl-2"/>
      </object_component>
      <object_component id="oc-3a4">
         <name>.text:_mcpy</name>
         <load_address>0x13424</load_address>
         <run_address>0x13424</run_address>
         <size>0x90</size>
         <input_file_ref idref="fl-65"/>
      </object_component>
      <object_component id="oc-245">
         <name>.text:fputc</name>
         <load_address>0x134b4</load_address>
         <run_address>0x134b4</run_address>
         <size>0x90</size>
         <input_file_ref idref="fl-74"/>
      </object_component>
      <object_component id="oc-354">
         <name>.text:free</name>
         <load_address>0x13544</load_address>
         <run_address>0x13544</run_address>
         <size>0x8e</size>
         <input_file_ref idref="fl-a5"/>
      </object_component>
      <object_component id="oc-164">
         <name>.text:__mspabi_cvtdf</name>
         <load_address>0x135d2</load_address>
         <run_address>0x135d2</run_address>
         <size>0x8c</size>
         <input_file_ref idref="fl-3d"/>
      </object_component>
      <object_component id="oc-38d">
         <name>.text:_div</name>
         <load_address>0x1365e</load_address>
         <run_address>0x1365e</run_address>
         <size>0x88</size>
         <input_file_ref idref="fl-65"/>
      </object_component>
      <object_component id="oc-45f">
         <name>.text:ldexp</name>
         <load_address>0x136e6</load_address>
         <run_address>0x136e6</run_address>
         <size>0x86</size>
         <input_file_ref idref="fl-79"/>
      </object_component>
      <object_component id="oc-42c">
         <name>.text:ltoa</name>
         <load_address>0x1376c</load_address>
         <run_address>0x1376c</run_address>
         <size>0x80</size>
         <input_file_ref idref="fl-7e"/>
      </object_component>
      <object_component id="oc-28e">
         <name>.text:__TI_wrt_ok</name>
         <load_address>0x137ec</load_address>
         <run_address>0x137ec</run_address>
         <size>0x7e</size>
         <input_file_ref idref="fl-92"/>
      </object_component>
      <object_component id="oc-32a">
         <name>.text:_pconv_f</name>
         <load_address>0x1386a</load_address>
         <run_address>0x1386a</run_address>
         <size>0x78</size>
         <input_file_ref idref="fl-65"/>
      </object_component>
      <object_component id="oc-40e">
         <name>.text:HOSTrename</name>
         <load_address>0x138e2</load_address>
         <run_address>0x138e2</run_address>
         <size>0x74</size>
         <input_file_ref idref="fl-8b"/>
      </object_component>
      <object_component id="oc-457">
         <name>.text:_Dunscale</name>
         <load_address>0x13956</load_address>
         <run_address>0x13956</run_address>
         <size>0x72</size>
         <input_file_ref idref="fl-8f"/>
      </object_component>
      <object_component id="oc-3de">
         <name>.text:__TI_closefile</name>
         <load_address>0x139c8</load_address>
         <run_address>0x139c8</run_address>
         <size>0x70</size>
         <input_file_ref idref="fl-a6"/>
      </object_component>
      <object_component id="oc-3ea">
         <name>.text:HOSTopen</name>
         <load_address>0x13a38</load_address>
         <run_address>0x13a38</run_address>
         <size>0x6e</size>
         <input_file_ref idref="fl-8b"/>
      </object_component>
      <object_component id="oc-108">
         <name>.text:_auto_init_hold_wdt</name>
         <load_address>0x13aa6</load_address>
         <run_address>0x13aa6</run_address>
         <size>0x6c</size>
         <input_file_ref idref="fl-69"/>
      </object_component>
      <object_component id="oc-3fc">
         <name>.text:HOSTwrite</name>
         <load_address>0x13b12</load_address>
         <run_address>0x13b12</run_address>
         <size>0x6a</size>
         <input_file_ref idref="fl-8b"/>
      </object_component>
      <object_component id="oc-2dc">
         <name>.text:fseek</name>
         <load_address>0x13b7c</load_address>
         <run_address>0x13b7c</run_address>
         <size>0x6a</size>
         <input_file_ref idref="fl-9b"/>
      </object_component>
      <object_component id="oc-3f6">
         <name>.text:HOSTread</name>
         <load_address>0x13be6</load_address>
         <run_address>0x13be6</run_address>
         <size>0x68</size>
         <input_file_ref idref="fl-8b"/>
      </object_component>
      <object_component id="oc-e3">
         <name>.text:__TI_decompress_rle_core</name>
         <load_address>0x13c4e</load_address>
         <run_address>0x13c4e</run_address>
         <size>0x68</size>
         <input_file_ref idref="fl-3b"/>
      </object_component>
      <object_component id="oc-444">
         <name>.text:__mspabi_fixdli</name>
         <load_address>0x13cb6</load_address>
         <run_address>0x13cb6</run_address>
         <size>0x66</size>
         <input_file_ref idref="fl-71"/>
      </object_component>
      <object_component id="oc-29a">
         <name>.text:__TI_doflush</name>
         <load_address>0x13d1c</load_address>
         <run_address>0x13d1c</run_address>
         <size>0x64</size>
         <input_file_ref idref="fl-99"/>
      </object_component>
      <object_component id="oc-158">
         <name>.text:__mspabi_cvtfd</name>
         <load_address>0x13d80</load_address>
         <run_address>0x13d80</run_address>
         <size>0x64</size>
         <input_file_ref idref="fl-3e"/>
      </object_component>
      <object_component id="oc-2ad">
         <name>.text:atoi</name>
         <load_address>0x13de4</load_address>
         <run_address>0x13de4</run_address>
         <size>0x62</size>
         <input_file_ref idref="fl-68"/>
      </object_component>
      <object_component id="oc-47d">
         <name>.text:close</name>
         <load_address>0x13e46</load_address>
         <run_address>0x13e46</run_address>
         <size>0x5a</size>
         <input_file_ref idref="fl-7a"/>
      </object_component>
      <object_component id="oc-4f7">
         <name>.text:getdevice</name>
         <load_address>0x13ea0</load_address>
         <run_address>0x13ea0</run_address>
         <size>0x5a</size>
         <input_file_ref idref="fl-7a"/>
      </object_component>
      <object_component id="oc-41e">
         <name>.text</name>
         <load_address>0x13efa</load_address>
         <run_address>0x13efa</run_address>
         <size>0x58</size>
         <input_file_ref idref="fl-6d"/>
      </object_component>
      <object_component id="oc-1ee">
         <name>.text:lcdData</name>
         <load_address>0x13f52</load_address>
         <run_address>0x13f52</run_address>
         <size>0x54</size>
         <input_file_ref idref="fl-2"/>
      </object_component>
      <object_component id="oc-1e7">
         <name>.text:lcdcmd</name>
         <load_address>0x13fa6</load_address>
         <run_address>0x13fa6</run_address>
         <size>0x54</size>
         <input_file_ref idref="fl-2"/>
      </object_component>
      <object_component id="oc-318">
         <name>.text:_Dclass</name>
         <load_address>0x13ffa</load_address>
         <run_address>0x13ffa</run_address>
         <size>0x50</size>
         <input_file_ref idref="fl-8d"/>
      </object_component>
      <object_component id="oc-3b1">
         <name>.text:_fcpy</name>
         <load_address>0x1404a</load_address>
         <run_address>0x1404a</run_address>
         <size>0x4e</size>
         <input_file_ref idref="fl-65"/>
      </object_component>
      <object_component id="oc-122">
         <name>.text:main</name>
         <load_address>0x14098</load_address>
         <run_address>0x14098</run_address>
         <size>0x4e</size>
         <input_file_ref idref="fl-3"/>
      </object_component>
      <object_component id="oc-3f0">
         <name>.text:HOSTclose</name>
         <load_address>0x140e6</load_address>
         <run_address>0x140e6</run_address>
         <size>0x4c</size>
         <input_file_ref idref="fl-8b"/>
      </object_component>
      <object_component id="oc-16b">
         <name>.text:printf</name>
         <load_address>0x14132</load_address>
         <run_address>0x14132</run_address>
         <size>0x4a</size>
         <input_file_ref idref="fl-63"/>
      </object_component>
      <object_component id="oc-408">
         <name>.text:HOSTunlink</name>
         <load_address>0x1417c</load_address>
         <run_address>0x1417c</run_address>
         <size>0x46</size>
         <input_file_ref idref="fl-8b"/>
      </object_component>
      <object_component id="oc-252">
         <name>.text:_pproc_fflags</name>
         <load_address>0x141c2</load_address>
         <run_address>0x141c2</run_address>
         <size>0x46</size>
         <input_file_ref idref="fl-65"/>
      </object_component>
      <object_component id="oc-3bf">
         <name>.text:frexp</name>
         <load_address>0x14208</load_address>
         <run_address>0x14208</run_address>
         <size>0x42</size>
         <input_file_ref idref="fl-78"/>
      </object_component>
      <object_component id="oc-3d7">
         <name>.text:minit</name>
         <load_address>0x1424a</load_address>
         <run_address>0x1424a</run_address>
         <size>0x42</size>
         <input_file_ref idref="fl-a5"/>
      </object_component>
      <object_component id="oc-4b9">
         <name>.text</name>
         <load_address>0x1428c</load_address>
         <run_address>0x1428c</run_address>
         <size>0x40</size>
         <input_file_ref idref="fl-96"/>
      </object_component>
      <object_component id="oc-46b">
         <name>.text:incr_hex</name>
         <load_address>0x142cc</load_address>
         <run_address>0x142cc</run_address>
         <size>0x3e</size>
         <input_file_ref idref="fl-65"/>
      </object_component>
      <object_component id="oc-1b1">
         <name>.text:l_asr_const</name>
         <load_address>0x1430a</load_address>
         <run_address>0x1430a</run_address>
         <size>0x3e</size>
         <input_file_ref idref="fl-67"/>
      </object_component>
      <object_component id="oc-1c9">
         <name>.text:l_lsl_const</name>
         <load_address>0x14348</load_address>
         <run_address>0x14348</run_address>
         <size>0x3e</size>
         <input_file_ref idref="fl-59"/>
      </object_component>
      <object_component id="oc-229">
         <name>.text:l_lsr_const</name>
         <load_address>0x14386</load_address>
         <run_address>0x14386</run_address>
         <size>0x3e</size>
         <input_file_ref idref="fl-7c"/>
      </object_component>
      <object_component id="oc-34c">
         <name>.text:lseek</name>
         <load_address>0x143c4</load_address>
         <run_address>0x143c4</run_address>
         <size>0x3e</size>
         <input_file_ref idref="fl-7a"/>
      </object_component>
      <object_component id="oc-2a0">
         <name>.text:write</name>
         <load_address>0x14402</load_address>
         <run_address>0x14402</run_address>
         <size>0x3c</size>
         <input_file_ref idref="fl-7a"/>
      </object_component>
      <object_component id="oc-4b1">
         <name>.text:__mspabi_sllll</name>
         <load_address>0x1443e</load_address>
         <run_address>0x1443e</run_address>
         <size>0x3a</size>
         <input_file_ref idref="fl-7b"/>
      </object_component>
      <object_component id="oc-418">
         <name>.text:__mspabi_srlll</name>
         <load_address>0x14478</load_address>
         <run_address>0x14478</run_address>
         <size>0x3a</size>
         <input_file_ref idref="fl-7d"/>
      </object_component>
      <object_component id="oc-598">
         <name>.text:signal</name>
         <load_address>0x144b2</load_address>
         <run_address>0x144b2</run_address>
         <size>0x38</size>
         <input_file_ref idref="fl-a1"/>
      </object_component>
      <object_component id="oc-21c">
         <name>.text:waitlcd</name>
         <load_address>0x144ea</load_address>
         <run_address>0x144ea</run_address>
         <size>0x38</size>
         <input_file_ref idref="fl-2"/>
      </object_component>
      <object_component id="oc-4e5">
         <name>.text:_Feraise</name>
         <load_address>0x14522</load_address>
         <run_address>0x14522</run_address>
         <size>0x36</size>
         <input_file_ref idref="fl-90"/>
      </object_component>
      <object_component id="oc-360">
         <name>.text:__TI_cleanup</name>
         <load_address>0x14558</load_address>
         <run_address>0x14558</run_address>
         <size>0x36</size>
         <input_file_ref idref="fl-a4"/>
      </object_component>
      <object_component id="oc-491">
         <name>.text:__TI_writemsg</name>
         <load_address>0x1458e</load_address>
         <run_address>0x1458e</run_address>
         <size>0x36</size>
         <input_file_ref idref="fl-8c"/>
      </object_component>
      <object_component id="oc-531">
         <name>.text:feraiseexcept</name>
         <load_address>0x145c4</load_address>
         <run_address>0x145c4</run_address>
         <size>0x34</size>
         <input_file_ref idref="fl-98"/>
      </object_component>
      <object_component id="oc-497">
         <name>.text:__TI_readmsg</name>
         <load_address>0x145f8</load_address>
         <run_address>0x145f8</run_address>
         <size>0x32</size>
         <input_file_ref idref="fl-8c"/>
      </object_component>
      <object_component id="oc-438">
         <name>.text:__mspabi_subd</name>
         <load_address>0x1462a</load_address>
         <run_address>0x1462a</run_address>
         <size>0x32</size>
         <input_file_ref idref="fl-89"/>
      </object_component>
      <object_component id="oc-576">
         <name>.text:raise</name>
         <load_address>0x1465c</load_address>
         <run_address>0x1465c</run_address>
         <size>0x32</size>
         <input_file_ref idref="fl-9e"/>
      </object_component>
      <object_component id="oc-53f">
         <name>.text:strncpy</name>
         <load_address>0x1468e</load_address>
         <run_address>0x1468e</run_address>
         <size>0x32</size>
         <input_file_ref idref="fl-88"/>
      </object_component>
      <object_component id="oc-484">
         <name>.text:unlink</name>
         <load_address>0x146c0</load_address>
         <run_address>0x146c0</run_address>
         <size>0x30</size>
         <input_file_ref idref="fl-7a"/>
      </object_component>
      <object_component id="oc-31e">
         <name>.text:__mspabi_negd</name>
         <load_address>0x146f0</load_address>
         <run_address>0x146f0</run_address>
         <size>0x2e</size>
         <input_file_ref idref="fl-84"/>
      </object_component>
      <object_component id="oc-114">
         <name>.text:exit</name>
         <load_address>0x1471e</load_address>
         <run_address>0x1471e</run_address>
         <size>0x2e</size>
         <input_file_ref idref="fl-40"/>
      </object_component>
      <object_component id="oc-545">
         <name>.text:finddevice</name>
         <load_address>0x1474c</load_address>
         <run_address>0x1474c</run_address>
         <size>0x2e</size>
         <input_file_ref idref="fl-7a"/>
      </object_component>
      <object_component id="oc-43e">
         <name>.text:__mspabi_fixdi</name>
         <load_address>0x1477a</load_address>
         <run_address>0x1477a</run_address>
         <size>0x28</size>
         <input_file_ref idref="fl-70"/>
      </object_component>
      <object_component id="oc-8d">
         <name>.text:decompress:ZI:__TI_zero_init</name>
         <load_address>0x147a2</load_address>
         <run_address>0x147a2</run_address>
         <size>0x24</size>
         <input_file_ref idref="fl-3c"/>
      </object_component>
      <object_component id="oc-153">
         <name>.text</name>
         <load_address>0x147c6</load_address>
         <run_address>0x147c6</run_address>
         <size>0x24</size>
         <input_file_ref idref="fl-42"/>
      </object_component>
      <object_component id="oc-22e">
         <name>.text</name>
         <load_address>0x147ea</load_address>
         <run_address>0x147ea</run_address>
         <size>0x22</size>
         <input_file_ref idref="fl-60"/>
      </object_component>
      <object_component id="oc-465">
         <name>.text:val_hex</name>
         <load_address>0x1480c</load_address>
         <run_address>0x1480c</run_address>
         <size>0x20</size>
         <input_file_ref idref="fl-65"/>
      </object_component>
      <object_component id="oc-2c7">
         <name>.text:memccpy</name>
         <load_address>0x1482c</load_address>
         <run_address>0x1482c</run_address>
         <size>0x1e</size>
         <input_file_ref idref="fl-7f"/>
      </object_component>
      <object_component id="oc-4ed">
         <name>.text:strchr</name>
         <load_address>0x1484a</load_address>
         <run_address>0x1484a</run_address>
         <size>0x1c</size>
         <input_file_ref idref="fl-85"/>
      </object_component>
      <object_component id="oc-583">
         <name>.text:strcmp</name>
         <load_address>0x14866</load_address>
         <run_address>0x14866</run_address>
         <size>0x1c</size>
         <input_file_ref idref="fl-86"/>
      </object_component>
      <object_component id="oc-177">
         <name>.text:prints</name>
         <load_address>0x14882</load_address>
         <run_address>0x14882</run_address>
         <size>0x1a</size>
         <input_file_ref idref="fl-2"/>
      </object_component>
      <object_component id="oc-171">
         <name>.text:gotoXy</name>
         <load_address>0x1489c</load_address>
         <run_address>0x1489c</run_address>
         <size>0x18</size>
         <input_file_ref idref="fl-2"/>
      </object_component>
      <object_component id="oc-294">
         <name>.text:memchr</name>
         <load_address>0x148b4</load_address>
         <run_address>0x148b4</run_address>
         <size>0x16</size>
         <input_file_ref idref="fl-80"/>
      </object_component>
      <object_component id="oc-2b3">
         <name>.text:memset</name>
         <load_address>0x148ca</load_address>
         <run_address>0x148ca</run_address>
         <size>0x16</size>
         <input_file_ref idref="fl-81"/>
      </object_component>
      <object_component id="oc-1f6">
         <name>.text</name>
         <load_address>0x148e0</load_address>
         <run_address>0x148e0</run_address>
         <size>0x16</size>
         <input_file_ref idref="fl-3f"/>
      </object_component>
      <object_component id="oc-2ee">
         <name>.text</name>
         <load_address>0x148f6</load_address>
         <run_address>0x148f6</run_address>
         <size>0x16</size>
         <input_file_ref idref="fl-5e"/>
      </object_component>
      <object_component id="oc-d6">
         <name>.text:memcpy</name>
         <load_address>0x1490c</load_address>
         <run_address>0x1490c</run_address>
         <size>0x14</size>
         <input_file_ref idref="fl-5a"/>
      </object_component>
      <object_component id="oc-6b">
         <name>.text:decompress:none:__TI_decompress_none</name>
         <load_address>0x14920</load_address>
         <run_address>0x14920</run_address>
         <size>0x12</size>
         <input_file_ref idref="fl-3a"/>
      </object_component>
      <object_component id="oc-4a3">
         <name>.text:strcpy</name>
         <load_address>0x14932</load_address>
         <run_address>0x14932</run_address>
         <size>0x12</size>
         <input_file_ref idref="fl-a2"/>
      </object_component>
      <object_component id="oc-312">
         <name>.text:toupper</name>
         <load_address>0x14944</load_address>
         <run_address>0x14944</run_address>
         <size>0x12</size>
         <input_file_ref idref="fl-8a"/>
      </object_component>
      <object_component id="oc-557">
         <name>.text:l_asr</name>
         <load_address>0x14956</load_address>
         <run_address>0x14956</run_address>
         <size>0x10</size>
         <input_file_ref idref="fl-67"/>
      </object_component>
      <object_component id="oc-552">
         <name>.text:l_lsl</name>
         <load_address>0x14966</load_address>
         <run_address>0x14966</run_address>
         <size>0x10</size>
         <input_file_ref idref="fl-59"/>
      </object_component>
      <object_component id="oc-4ac">
         <name>.text:l_lsr</name>
         <load_address>0x14976</load_address>
         <run_address>0x14976</run_address>
         <size>0x10</size>
         <input_file_ref idref="fl-7c"/>
      </object_component>
      <object_component id="oc-24c">
         <name>.text:strlen</name>
         <load_address>0x14986</load_address>
         <run_address>0x14986</run_address>
         <size>0xe</size>
         <input_file_ref idref="fl-87"/>
      </object_component>
      <object_component id="oc-471">
         <name>.text:__mspabi_fltid</name>
         <load_address>0x14994</load_address>
         <run_address>0x14994</run_address>
         <size>0xc</size>
         <input_file_ref idref="fl-72"/>
      </object_component>
      <object_component id="oc-4be">
         <name>.text:abs</name>
         <load_address>0x149a0</load_address>
         <run_address>0x149a0</run_address>
         <size>0xa</size>
         <input_file_ref idref="fl-93"/>
      </object_component>
      <object_component id="oc-527">
         <name>.text</name>
         <load_address>0x149aa</load_address>
         <run_address>0x149aa</run_address>
         <size>0xa</size>
         <input_file_ref idref="fl-9c"/>
      </object_component>
      <object_component id="oc-522">
         <name>.text</name>
         <load_address>0x149b4</load_address>
         <run_address>0x149b4</run_address>
         <size>0xa</size>
         <input_file_ref idref="fl-9d"/>
      </object_component>
      <object_component id="oc-1d9">
         <name>.text:_outc</name>
         <load_address>0x149be</load_address>
         <run_address>0x149be</run_address>
         <size>0x6</size>
         <input_file_ref idref="fl-63"/>
      </object_component>
      <object_component id="oc-71">
         <name>.text:decompress:rle24:__TI_decompress_rle24</name>
         <load_address>0x149c4</load_address>
         <run_address>0x149c4</run_address>
         <size>0x6</size>
         <input_file_ref idref="fl-3b"/>
      </object_component>
      <object_component id="oc-1d3">
         <name>.text:_outs</name>
         <load_address>0x149ca</load_address>
         <run_address>0x149ca</run_address>
         <size>0x4</size>
         <input_file_ref idref="fl-63"/>
      </object_component>
      <object_component id="oc-102">
         <name>.text:_system_pre_init</name>
         <load_address>0x149ce</load_address>
         <run_address>0x149ce</run_address>
         <size>0x4</size>
         <input_file_ref idref="fl-62"/>
      </object_component>
      <object_component id="oc-12a">
         <name>.text:abort</name>
         <load_address>0x149d2</load_address>
         <run_address>0x149d2</run_address>
         <size>0x4</size>
         <input_file_ref idref="fl-40"/>
      </object_component>
      <object_component id="oc-20a">
         <name>.text:_nop</name>
         <load_address>0x149d6</load_address>
         <run_address>0x149d6</run_address>
         <size>0x2</size>
         <input_file_ref idref="fl-64"/>
      </object_component>
      <object_component id="oc-f5">
         <name>.text:_isr:ADC12_ISR</name>
         <load_address>0x4400</load_address>
         <run_address>0x4400</run_address>
         <size>0xc8</size>
         <input_file_ref idref="fl-3"/>
      </object_component>
      <object_component id="oc-9f">
         <name>.text:_isr:_c_int00_noargs</name>
         <load_address>0x44c8</load_address>
         <run_address>0x44c8</run_address>
         <size>0x1c</size>
         <input_file_ref idref="fl-39"/>
      </object_component>
      <object_component id="oc-f0">
         <name>.text:_isr:__TI_ISR_TRAP</name>
         <load_address>0x44e4</load_address>
         <run_address>0x44e4</run_address>
         <size>0x6</size>
         <input_file_ref idref="fl-58"/>
      </object_component>
      <object_component id="oc-622">
         <name>.cinit..data.load</name>
         <load_address>0x4636</load_address>
         <run_address>0x4636</run_address>
         <size>0x8b</size>
      </object_component>
      <object_component id="oc-61f">
         <name>__TI_handler_table</name>
         <load_address>0x46c2</load_address>
         <run_address>0x46c2</run_address>
         <size>0xc</size>
      </object_component>
      <object_component id="oc-621">
         <name>.cinit..bss.load</name>
         <load_address>0x46ce</load_address>
         <run_address>0x46ce</run_address>
         <size>0x6</size>
      </object_component>
      <object_component id="oc-623">
         <name>.cinit..cio.load</name>
         <load_address>0x46d4</load_address>
         <run_address>0x46d4</run_address>
         <size>0x6</size>
      </object_component>
      <object_component id="oc-620">
         <name>__TI_cinit_table</name>
         <load_address>0x46da</load_address>
         <run_address>0x46da</run_address>
         <size>0x18</size>
      </object_component>
      <object_component id="oc-2fe">
         <name>.const:.string:_ctypes_</name>
         <load_address>0x44ea</load_address>
         <run_address>0x44ea</run_address>
         <size>0x101</size>
         <input_file_ref idref="fl-6b"/>
      </object_component>
      <object_component id="oc-2ba">
         <name>.const:.string</name>
         <load_address>0x45ec</load_address>
         <run_address>0x45ec</run_address>
         <size>0x26</size>
         <input_file_ref idref="fl-65"/>
      </object_component>
      <object_component id="oc-16a">
         <name>.const:.string</name>
         <load_address>0x4612</load_address>
         <run_address>0x4612</run_address>
         <size>0x24</size>
         <input_file_ref idref="fl-3"/>
      </object_component>
      <object_component id="oc-502">
         <name>.cio</name>
         <uninitialized>true</uninitialized>
         <run_address>0x280c</run_address>
         <size>0x120</size>
         <input_file_ref idref="fl-8c"/>
      </object_component>
      <object_component id="oc-77">
         <name>.int41</name>
         <load_address>0xffd2</load_address>
         <run_address>0xffd2</run_address>
         <size>0x2</size>
         <input_file_ref idref="fl-43"/>
      </object_component>
      <object_component id="oc-78">
         <name>.int42</name>
         <load_address>0xffd4</load_address>
         <run_address>0xffd4</run_address>
         <size>0x2</size>
         <input_file_ref idref="fl-44"/>
      </object_component>
      <object_component id="oc-79">
         <name>.int43</name>
         <load_address>0xffd6</load_address>
         <run_address>0xffd6</run_address>
         <size>0x2</size>
         <input_file_ref idref="fl-45"/>
      </object_component>
      <object_component id="oc-7a">
         <name>.int44</name>
         <load_address>0xffd8</load_address>
         <run_address>0xffd8</run_address>
         <size>0x2</size>
         <input_file_ref idref="fl-46"/>
      </object_component>
      <object_component id="oc-7b">
         <name>.int45</name>
         <load_address>0xffda</load_address>
         <run_address>0xffda</run_address>
         <size>0x2</size>
         <input_file_ref idref="fl-47"/>
      </object_component>
      <object_component id="oc-7c">
         <name>.int46</name>
         <load_address>0xffdc</load_address>
         <run_address>0xffdc</run_address>
         <size>0x2</size>
         <input_file_ref idref="fl-48"/>
      </object_component>
      <object_component id="oc-7d">
         <name>.int47</name>
         <load_address>0xffde</load_address>
         <run_address>0xffde</run_address>
         <size>0x2</size>
         <input_file_ref idref="fl-49"/>
      </object_component>
      <object_component id="oc-7e">
         <name>.int48</name>
         <load_address>0xffe0</load_address>
         <run_address>0xffe0</run_address>
         <size>0x2</size>
         <input_file_ref idref="fl-4a"/>
      </object_component>
      <object_component id="oc-7f">
         <name>.int49</name>
         <load_address>0xffe2</load_address>
         <run_address>0xffe2</run_address>
         <size>0x2</size>
         <input_file_ref idref="fl-4b"/>
      </object_component>
      <object_component id="oc-80">
         <name>.int50</name>
         <load_address>0xffe4</load_address>
         <run_address>0xffe4</run_address>
         <size>0x2</size>
         <input_file_ref idref="fl-4c"/>
      </object_component>
      <object_component id="oc-81">
         <name>.int51</name>
         <load_address>0xffe6</load_address>
         <run_address>0xffe6</run_address>
         <size>0x2</size>
         <input_file_ref idref="fl-4d"/>
      </object_component>
      <object_component id="oc-82">
         <name>.int52</name>
         <load_address>0xffe8</load_address>
         <run_address>0xffe8</run_address>
         <size>0x2</size>
         <input_file_ref idref="fl-4e"/>
      </object_component>
      <object_component id="oc-83">
         <name>.int53</name>
         <load_address>0xffea</load_address>
         <run_address>0xffea</run_address>
         <size>0x2</size>
         <input_file_ref idref="fl-4f"/>
      </object_component>
      <object_component id="oc-84">
         <name>.int54</name>
         <load_address>0xffec</load_address>
         <run_address>0xffec</run_address>
         <size>0x2</size>
         <input_file_ref idref="fl-3"/>
      </object_component>
      <object_component id="oc-85">
         <name>.int55</name>
         <load_address>0xffee</load_address>
         <run_address>0xffee</run_address>
         <size>0x2</size>
         <input_file_ref idref="fl-50"/>
      </object_component>
      <object_component id="oc-86">
         <name>.int56</name>
         <load_address>0xfff0</load_address>
         <run_address>0xfff0</run_address>
         <size>0x2</size>
         <input_file_ref idref="fl-51"/>
      </object_component>
      <object_component id="oc-87">
         <name>.int57</name>
         <load_address>0xfff2</load_address>
         <run_address>0xfff2</run_address>
         <size>0x2</size>
         <input_file_ref idref="fl-52"/>
      </object_component>
      <object_component id="oc-88">
         <name>.int58</name>
         <load_address>0xfff4</load_address>
         <run_address>0xfff4</run_address>
         <size>0x2</size>
         <input_file_ref idref="fl-53"/>
      </object_component>
      <object_component id="oc-89">
         <name>.int59</name>
         <load_address>0xfff6</load_address>
         <run_address>0xfff6</run_address>
         <size>0x2</size>
         <input_file_ref idref="fl-54"/>
      </object_component>
      <object_component id="oc-8a">
         <name>.int60</name>
         <load_address>0xfff8</load_address>
         <run_address>0xfff8</run_address>
         <size>0x2</size>
         <input_file_ref idref="fl-55"/>
      </object_component>
      <object_component id="oc-8b">
         <name>.int61</name>
         <load_address>0xfffa</load_address>
         <run_address>0xfffa</run_address>
         <size>0x2</size>
         <input_file_ref idref="fl-56"/>
      </object_component>
      <object_component id="oc-8c">
         <name>.int62</name>
         <load_address>0xfffc</load_address>
         <run_address>0xfffc</run_address>
         <size>0x2</size>
         <input_file_ref idref="fl-57"/>
      </object_component>
      <object_component id="oc-d2">
         <name>.reset</name>
         <load_address>0xfffe</load_address>
         <run_address>0xfffe</run_address>
         <size>0x2</size>
         <input_file_ref idref="fl-38"/>
      </object_component>
      <object_component id="oc-196">
         <name>.data:__TI_cleanup_ptr</name>
         <load_address>0x26b4</load_address>
         <run_address>0x26b4</run_address>
         <size>0x4</size>
         <input_file_ref idref="fl-41"/>
      </object_component>
      <object_component id="oc-193">
         <name>.data:__TI_dtors_ptr</name>
         <load_address>0x26b8</load_address>
         <run_address>0x26b8</run_address>
         <size>0x4</size>
         <input_file_ref idref="fl-41"/>
      </object_component>
      <object_component id="oc-190">
         <name>.data:_lock</name>
         <load_address>0x26bc</load_address>
         <run_address>0x26bc</run_address>
         <size>0x4</size>
         <input_file_ref idref="fl-64"/>
      </object_component>
      <object_component id="oc-199">
         <name>.data:_unlock</name>
         <load_address>0x26c0</load_address>
         <run_address>0x26c0</run_address>
         <size>0x4</size>
         <input_file_ref idref="fl-64"/>
      </object_component>
      <object_component id="oc-1d0">
         <name>.data:_ftable</name>
         <load_address>0x2400</load_address>
         <run_address>0x2400</run_address>
         <size>0xc8</size>
         <input_file_ref idref="fl-6c"/>
      </object_component>
      <object_component id="oc-3e4">
         <name>.data</name>
         <load_address>0x26c4</load_address>
         <run_address>0x26c4</run_address>
         <size>0x2</size>
         <input_file_ref idref="fl-6c"/>
      </object_component>
      <object_component id="oc-374">
         <name>.data:_device</name>
         <load_address>0x25f8</load_address>
         <run_address>0x25f8</run_address>
         <size>0x78</size>
         <input_file_ref idref="fl-7a"/>
      </object_component>
      <object_component id="oc-2f3">
         <name>.data:_stream</name>
         <load_address>0x2670</load_address>
         <run_address>0x2670</run_address>
         <size>0x3c</size>
         <input_file_ref idref="fl-7a"/>
      </object_component>
      <object_component id="oc-52c">
         <name>.data</name>
         <load_address>0x2578</load_address>
         <run_address>0x2578</run_address>
         <size>0x80</size>
         <input_file_ref idref="fl-91"/>
      </object_component>
      <object_component id="oc-537">
         <name>.data</name>
         <load_address>0x26c6</load_address>
         <run_address>0x26c6</run_address>
         <size>0x2</size>
         <input_file_ref idref="fl-97"/>
      </object_component>
      <object_component id="oc-573">
         <name>.data</name>
         <load_address>0x26ac</load_address>
         <run_address>0x26ac</run_address>
         <size>0x8</size>
         <input_file_ref idref="fl-98"/>
      </object_component>
      <object_component id="oc-5a8">
         <name>.data:sigtable</name>
         <load_address>0x24c8</load_address>
         <run_address>0x24c8</run_address>
         <size>0xb0</size>
         <input_file_ref idref="fl-a1"/>
      </object_component>
      <object_component id="oc-3d4">
         <name>.data</name>
         <load_address>0x26c8</load_address>
         <run_address>0x26c8</run_address>
         <size>0x2</size>
         <input_file_ref idref="fl-a5"/>
      </object_component>
      <object_component id="oc-1f5">
         <name>.debug_info</name>
         <load_address>0x0</load_address>
         <run_address>0x0</run_address>
         <size>0x159</size>
         <input_file_ref idref="fl-2"/>
      </object_component>
      <object_component id="oc-1e8">
         <name>.debug_info</name>
         <load_address>0x159</load_address>
         <run_address>0x159</run_address>
         <size>0x12d</size>
         <input_file_ref idref="fl-2"/>
      </object_component>
      <object_component id="oc-1ef">
         <name>.debug_info</name>
         <load_address>0x286</load_address>
         <run_address>0x286</run_address>
         <size>0x133</size>
         <input_file_ref idref="fl-2"/>
      </object_component>
      <object_component id="oc-1a0">
         <name>.debug_info</name>
         <load_address>0x3b9</load_address>
         <run_address>0x3b9</run_address>
         <size>0x1b4</size>
         <input_file_ref idref="fl-2"/>
      </object_component>
      <object_component id="oc-21d">
         <name>.debug_info</name>
         <load_address>0x56d</load_address>
         <run_address>0x56d</run_address>
         <size>0x118</size>
         <input_file_ref idref="fl-2"/>
      </object_component>
      <object_component id="oc-178">
         <name>.debug_info</name>
         <load_address>0x685</load_address>
         <run_address>0x685</run_address>
         <size>0x11f</size>
         <input_file_ref idref="fl-2"/>
      </object_component>
      <object_component id="oc-172">
         <name>.debug_info</name>
         <load_address>0x7a4</load_address>
         <run_address>0x7a4</run_address>
         <size>0x12c</size>
         <input_file_ref idref="fl-2"/>
      </object_component>
      <object_component id="oc-17e">
         <name>.debug_info</name>
         <load_address>0x8d0</load_address>
         <run_address>0x8d0</run_address>
         <size>0x28a</size>
         <input_file_ref idref="fl-2"/>
      </object_component>
      <object_component id="oc-138">
         <name>.debug_info</name>
         <load_address>0xb5a</load_address>
         <run_address>0xb5a</run_address>
         <size>0x84</size>
         <input_file_ref idref="fl-2"/>
      </object_component>
      <object_component id="oc-2db">
         <name>.debug_info</name>
         <load_address>0xbde</load_address>
         <run_address>0xbde</run_address>
         <size>0x428</size>
         <input_file_ref idref="fl-3"/>
      </object_component>
      <object_component id="oc-123">
         <name>.debug_info</name>
         <load_address>0x1006</load_address>
         <run_address>0x1006</run_address>
         <size>0x117</size>
         <input_file_ref idref="fl-3"/>
      </object_component>
      <object_component id="oc-f6">
         <name>.debug_info</name>
         <load_address>0x111d</load_address>
         <run_address>0x111d</run_address>
         <size>0x1da</size>
         <input_file_ref idref="fl-3"/>
      </object_component>
      <object_component id="oc-26c">
         <name>.debug_info</name>
         <load_address>0x12f7</load_address>
         <run_address>0x12f7</run_address>
         <size>0x2c</size>
         <input_file_ref idref="fl-3"/>
      </object_component>
      <object_component id="oc-d0">
         <name>.debug_info</name>
         <load_address>0x1323</load_address>
         <run_address>0x1323</run_address>
         <size>0xd8</size>
         <input_file_ref idref="fl-38"/>
      </object_component>
      <object_component id="oc-a0">
         <name>.debug_info</name>
         <load_address>0x13fb</load_address>
         <run_address>0x13fb</run_address>
         <size>0x16a</size>
         <input_file_ref idref="fl-39"/>
      </object_component>
      <object_component id="oc-e2">
         <name>.debug_info</name>
         <load_address>0x1565</load_address>
         <run_address>0x1565</run_address>
         <size>0x1a9</size>
         <input_file_ref idref="fl-3a"/>
      </object_component>
      <object_component id="oc-6c">
         <name>.debug_info</name>
         <load_address>0x170e</load_address>
         <run_address>0x170e</run_address>
         <size>0x1ab</size>
         <input_file_ref idref="fl-3a"/>
      </object_component>
      <object_component id="oc-dd">
         <name>.debug_info</name>
         <load_address>0x18b9</load_address>
         <run_address>0x18b9</run_address>
         <size>0x46</size>
         <input_file_ref idref="fl-3a"/>
      </object_component>
      <object_component id="oc-14a">
         <name>.debug_info</name>
         <load_address>0x18ff</load_address>
         <run_address>0x18ff</run_address>
         <size>0x2c</size>
         <input_file_ref idref="fl-3a"/>
      </object_component>
      <object_component id="oc-ea">
         <name>.debug_info</name>
         <load_address>0x192b</load_address>
         <run_address>0x192b</run_address>
         <size>0x166</size>
         <input_file_ref idref="fl-3b"/>
      </object_component>
      <object_component id="oc-e4">
         <name>.debug_info</name>
         <load_address>0x1a91</load_address>
         <run_address>0x1a91</run_address>
         <size>0x21d</size>
         <input_file_ref idref="fl-3b"/>
      </object_component>
      <object_component id="oc-72">
         <name>.debug_info</name>
         <load_address>0x1cae</load_address>
         <run_address>0x1cae</run_address>
         <size>0x194</size>
         <input_file_ref idref="fl-3b"/>
      </object_component>
      <object_component id="oc-eb">
         <name>.debug_info</name>
         <load_address>0x1e42</load_address>
         <run_address>0x1e42</run_address>
         <size>0x39</size>
         <input_file_ref idref="fl-3b"/>
      </object_component>
      <object_component id="oc-101">
         <name>.debug_info</name>
         <load_address>0x1e7b</load_address>
         <run_address>0x1e7b</run_address>
         <size>0x157</size>
         <input_file_ref idref="fl-3c"/>
      </object_component>
      <object_component id="oc-8e">
         <name>.debug_info</name>
         <load_address>0x1fd2</load_address>
         <run_address>0x1fd2</run_address>
         <size>0x19d</size>
         <input_file_ref idref="fl-3c"/>
      </object_component>
      <object_component id="oc-fc">
         <name>.debug_info</name>
         <load_address>0x216f</load_address>
         <run_address>0x216f</run_address>
         <size>0x46</size>
         <input_file_ref idref="fl-3c"/>
      </object_component>
      <object_component id="oc-1cf">
         <name>.debug_info</name>
         <load_address>0x21b5</load_address>
         <run_address>0x21b5</run_address>
         <size>0x1cc</size>
         <input_file_ref idref="fl-3d"/>
      </object_component>
      <object_component id="oc-165">
         <name>.debug_info</name>
         <load_address>0x2381</load_address>
         <run_address>0x2381</run_address>
         <size>0x183</size>
         <input_file_ref idref="fl-3d"/>
      </object_component>
      <object_component id="oc-1b7">
         <name>.debug_info</name>
         <load_address>0x2504</load_address>
         <run_address>0x2504</run_address>
         <size>0xdb</size>
[...]
         <value>0x14132</value>
         <object_component_ref idref="oc-16b"/>
      </symbol>
      <symbol id="sm-5ab">
         <name>_nop</name>
         <value>0x149d6</value>
         <object_component_ref idref="oc-20a"/>
      </symbol>
      <symbol id="sm-5ac">
         <name>_lock</name>
         <value>0x26bc</value>
         <object_component_ref idref="oc-190"/>
      </symbol>
      <symbol id="sm-5ad">
         <name>_unlock</name>
         <value>0x26c0</value>
         <object_component_ref idref="oc-199"/>
      </symbol>
      <symbol id="sm-77b">
         <name>__TI_printfi</name>
         <value>0x11d42</value>
         <object_component_ref idref="oc-1df"/>
      </symbol>
      <symbol id="sm-78d">
         <name>__mspabi_sral</name>
         <value>0x14956</value>
         <object_component_ref idref="oc-557"/>
      </symbol>
      <symbol id="sm-78e">
         <name>__mspabi_sral_15</name>
         <value>0x1430a</value>
         <object_component_ref idref="oc-1b1"/>
      </symbol>
      <symbol id="sm-78f">
         <name>__mspabi_sral_14</name>
         <value>0x1430e</value>
         <object_component_ref idref="oc-1b1"/>
      </symbol>
      <symbol id="sm-790">
         <name>__mspabi_sral_13</name>
         <value>0x14312</value>
         <object_component_ref idref="oc-1b1"/>
      </symbol>
      <symbol id="sm-791">
         <name>__mspabi_sral_12</name>
         <value>0x14316</value>
         <object_component_ref idref="oc-1b1"/>
      </symbol>
      <symbol id="sm-792">
         <name>__mspabi_sral_11</name>
         <value>0x1431a</value>
         <object_component_ref idref="oc-1b1"/>
      </symbol>
      <symbol id="sm-793">
         <name>__mspabi_sral_10</name>
         <value>0x1431e</value>
         <object_component_ref idref="oc-1b1"/>
      </symbol>
      <symbol id="sm-794">
         <name>__mspabi_sral_8</name>
         <value>0x14326</value>
         <object_component_ref idref="oc-1b1"/>
      </symbol>
      <symbol id="sm-795">
         <name>__mspabi_sral_9</name>
         <value>0x14322</value>
         <object_component_ref idref="oc-1b1"/>
      </symbol>
      <symbol id="sm-796">
         <name>__mspabi_sral_6</name>
         <value>0x1432e</value>
         <object_component_ref idref="oc-1b1"/>
      </symbol>
      <symbol id="sm-797">
         <name>__mspabi_sral_7</name>
         <value>0x1432a</value>
         <object_component_ref idref="oc-1b1"/>
      </symbol>
      <symbol id="sm-798">
         <name>__mspabi_sral_4</name>
         <value>0x14336</value>
         <object_component_ref idref="oc-1b1"/>
      </symbol>
      <symbol id="sm-799">
         <name>__mspabi_sral_5</name>
         <value>0x14332</value>
         <object_component_ref idref="oc-1b1"/>
      </symbol>
      <symbol id="sm-79a">
         <name>__mspabi_sral_2</name>
         <value>0x1433e</value>
         <object_component_ref idref="oc-1b1"/>
      </symbol>
      <symbol id="sm-79b">
         <name>__mspabi_sral_3</name>
         <value>0x1433a</value>
         <object_component_ref idref="oc-1b1"/>
      </symbol>
      <symbol id="sm-79c">
         <name>__mspabi_sral_1</name>
         <value>0x14342</value>
         <object_component_ref idref="oc-1b1"/>
      </symbol>
      <symbol id="sm-7af">
         <name>atoi</name>
         <value>0x13de4</value>
         <object_component_ref idref="oc-2ad"/>
      </symbol>
      <symbol id="sm-7cb">
         <name>_auto_init_hold_wdt</name>
         <value>0x13aa6</value>
         <object_component_ref idref="oc-108"/>
      </symbol>
      <symbol id="sm-7e5">
         <name>__mspabi_cmpd</name>
         <value>0x12d8c</value>
         <object_component_ref idref="oc-33c"/>
      </symbol>
      <symbol id="sm-7ef">
         <name>_ctypes_</name>
         <value>0x44ea</value>
         <object_component_ref idref="oc-2fe"/>
      </symbol>
      <symbol id="sm-7ff">
         <name>__TI_tmpnams</name>
         <value>0x292c</value>
      </symbol>
      <symbol id="sm-800">
         <name>_ftable</name>
         <value>0x2400</value>
         <object_component_ref idref="oc-1d0"/>
      </symbol>
      <symbol id="sm-801">
         <name>__TI_ft_end</name>
         <value>0x26c4</value>
         <object_component_ref idref="oc-3e4"/>
      </symbol>
      <symbol id="sm-810">
         <name>__mspabi_remul</name>
         <value>0x13efa</value>
         <object_component_ref idref="oc-41e"/>
      </symbol>
      <symbol id="sm-811">
         <name>__mspabi_divul</name>
         <value>0x13efa</value>
         <object_component_ref idref="oc-41e"/>
      </symbol>
      <symbol id="sm-843">
         <name>__mspabi_divull</name>
         <value>0x10452</value>
         <object_component_ref idref="oc-423"/>
      </symbol>
      <symbol id="sm-864">
         <name>__mspabi_divd</name>
         <value>0x114de</value>
         <object_component_ref idref="oc-3b8"/>
      </symbol>
      <symbol id="sm-871">
         <name>__mspabi_fixdi</name>
         <value>0x1477a</value>
         <object_component_ref idref="oc-43e"/>
      </symbol>
      <symbol id="sm-880">
         <name>__mspabi_fixdli</name>
         <value>0x13cb6</value>
         <object_component_ref idref="oc-444"/>
      </symbol>
      <symbol id="sm-889">
         <name>__mspabi_fltid</name>
         <value>0x14994</value>
         <object_component_ref idref="oc-471"/>
      </symbol>
      <symbol id="sm-8a1">
         <name>__mspabi_fltlid</name>
         <value>0x1326a</value>
         <object_component_ref idref="oc-432"/>
      </symbol>
      <symbol id="sm-8b4">
         <name>putc</name>
         <value>0x134b4</value>
         <object_component_ref idref="oc-245"/>
      </symbol>
      <symbol id="sm-8b5">
         <name>fputc</name>
         <value>0x134b4</value>
         <object_component_ref idref="oc-245"/>
      </symbol>
      <symbol id="sm-8cd">
         <name>fputs</name>
         <value>0x12bbc</value>
         <object_component_ref idref="oc-23e"/>
      </symbol>
      <symbol id="sm-8e8">
         <name>__TI_frcdivd</name>
         <value>0x10000</value>
         <object_component_ref idref="oc-44f"/>
      </symbol>
      <symbol id="sm-8f9">
         <name>__TI_frcmpyd</name>
         <value>0x107ec</value>
         <object_component_ref idref="oc-1bc"/>
      </symbol>
      <symbol id="sm-905">
         <name>frexp</name>
         <value>0x14208</value>
         <object_component_ref idref="oc-3bf"/>
      </symbol>
      <symbol id="sm-915">
         <name>ldexp</name>
         <value>0x136e6</value>
         <object_component_ref idref="oc-45f"/>
      </symbol>
      <symbol id="sm-96d">
         <name>lseek</name>
         <value>0x143c4</value>
         <object_component_ref idref="oc-34c"/>
      </symbol>
      <symbol id="sm-96e">
         <name>write</name>
         <value>0x14402</value>
         <object_component_ref idref="oc-2a0"/>
      </symbol>
      <symbol id="sm-96f">
         <name>close</name>
         <value>0x13e46</value>
         <object_component_ref idref="oc-47d"/>
      </symbol>
      <symbol id="sm-970">
         <name>unlink</name>
         <value>0x146c0</value>
         <object_component_ref idref="oc-484"/>
      </symbol>
      <symbol id="sm-97d">
         <name>__mspabi_sllll</name>
         <value>0x1443e</value>
         <object_component_ref idref="oc-4b1"/>
      </symbol>
      <symbol id="sm-98d">
         <name>__mspabi_srll_8</name>
         <value>0x143a2</value>
         <object_component_ref idref="oc-229"/>
      </symbol>
      <symbol id="sm-98e">
         <name>__mspabi_srll_9</name>
         <value>0x1439e</value>
         <object_component_ref idref="oc-229"/>
      </symbol>
      <symbol id="sm-98f">
         <name>__mspabi_srll_6</name>
         <value>0x143aa</value>
         <object_component_ref idref="oc-229"/>
      </symbol>
      <symbol id="sm-990">
         <name>__mspabi_srll_7</name>
         <value>0x143a6</value>
         <object_component_ref idref="oc-229"/>
      </symbol>
      <symbol id="sm-991">
         <name>__mspabi_srll_4</name>
         <value>0x143b2</value>
         <object_component_ref idref="oc-229"/>
      </symbol>
      <symbol id="sm-992">
         <name>__mspabi_srll_5</name>
         <value>0x143ae</value>
         <object_component_ref idref="oc-229"/>
      </symbol>
      <symbol id="sm-993">
         <name>__mspabi_srll_2</name>
         <value>0x143ba</value>
         <object_component_ref idref="oc-229"/>
      </symbol>
      <symbol id="sm-994">
         <name>__mspabi_srll_3</name>
         <value>0x143b6</value>
         <object_component_ref idref="oc-229"/>
      </symbol>
      <symbol id="sm-995">
         <name>__mspabi_srll_1</name>
         <value>0x143be</value>
         <object_component_ref idref="oc-229"/>
      </symbol>
      <symbol id="sm-996">
         <name>__mspabi_srll_15</name>
         <value>0x14386</value>
         <object_component_ref idref="oc-229"/>
      </symbol>
      <symbol id="sm-997">
         <name>__mspabi_srll_14</name>
         <value>0x1438a</value>
         <object_component_ref idref="oc-229"/>
      </symbol>
      <symbol id="sm-998">
         <name>__mspabi_srll_13</name>
         <value>0x1438e</value>
         <object_component_ref idref="oc-229"/>
      </symbol>
      <symbol id="sm-999">
         <name>__mspabi_srll_12</name>
         <value>0x14392</value>
         <object_component_ref idref="oc-229"/>
      </symbol>
      <symbol id="sm-99a">
         <name>__mspabi_srll_11</name>
         <value>0x14396</value>
         <object_component_ref idref="oc-229"/>
      </symbol>
      <symbol id="sm-99b">
         <name>__mspabi_srll_10</name>
         <value>0x1439a</value>
         <object_component_ref idref="oc-229"/>
      </symbol>
      <symbol id="sm-99c">
         <name>__mspabi_srll</name>
         <value>0x14976</value>
         <object_component_ref idref="oc-4ac"/>
      </symbol>
      <symbol id="sm-9a9">
         <name>__mspabi_srlll</name>
         <value>0x14478</value>
         <object_component_ref idref="oc-418"/>
      </symbol>
      <symbol id="sm-9b8">
         <name>ltoa</name>
         <value>0x1376c</value>
         <object_component_ref idref="oc-42c"/>
      </symbol>
      <symbol id="sm-9c7">
         <name>memccpy</name>
         <value>0x1482c</value>
         <object_component_ref idref="oc-2c7"/>
      </symbol>
      <symbol id="sm-9d6">
         <name>memchr</name>
         <value>0x148b4</value>
         <object_component_ref idref="oc-294"/>
      </symbol>
      <symbol id="sm-9e4">
         <name>memset</name>
         <value>0x148ca</value>
         <object_component_ref idref="oc-2b3"/>
      </symbol>
      <symbol id="sm-9ef">
         <name>__mspabi_negd</name>
         <value>0x146f0</value>
         <object_component_ref idref="oc-31e"/>
      </symbol>
      <symbol id="sm-9fe">
         <name>strchr</name>
         <value>0x1484a</value>
         <object_component_ref idref="oc-4ed"/>
      </symbol>
      <symbol id="sm-a0c">
         <name>strcmp</name>
         <value>0x14866</value>
         <object_component_ref idref="oc-583"/>
      </symbol>
      <symbol id="sm-a19">
         <name>strlen</name>
         <value>0x14986</value>
         <object_component_ref idref="oc-24c"/>
      </symbol>
      <symbol id="sm-a29">
         <name>strncpy</name>
         <value>0x1468e</value>
         <object_component_ref idref="oc-53f"/>
      </symbol>
      <symbol id="sm-a32">
         <name>__mspabi_subd</name>
         <value>0x1462a</value>
         <object_component_ref idref="oc-438"/>
      </symbol>
      <symbol id="sm-a3f">
         <name>toupper</name>
         <value>0x14944</value>
         <object_component_ref idref="oc-312"/>
      </symbol>
      <symbol id="sm-a7a">
         <name>HOSTrename</name>
         <value>0x138e2</value>
         <object_component_ref idref="oc-40e"/>
      </symbol>
      <symbol id="sm-a7b">
         <name>HOSTclose</name>
         <value>0x140e6</value>
         <object_component_ref idref="oc-3f0"/>
      </symbol>
      <symbol id="sm-a7c">
         <name>HOSTunlink</name>
         <value>0x1417c</value>
         <object_component_ref idref="oc-408"/>
      </symbol>
      <symbol id="sm-a7d">
         <name>HOSTlseek</name>
         <value>0x1312e</value>
         <object_component_ref idref="oc-402"/>
      </symbol>
      <symbol id="sm-a7e">
         <name>HOSTopen</name>
         <value>0x13a38</value>
         <object_component_ref idref="oc-3ea"/>
      </symbol>
      <symbol id="sm-a7f">
         <name>HOSTwrite</name>
         <value>0x13b12</value>
         <object_component_ref idref="oc-3fc"/>
      </symbol>
      <symbol id="sm-a80">
         <name>HOSTread</name>
         <value>0x13be6</value>
         <object_component_ref idref="oc-3f6"/>
      </symbol>
      <symbol id="sm-a9e">
         <name>__TI_readmsg</name>
         <value>0x145f8</value>
         <object_component_ref idref="oc-497"/>
      </symbol>
      <symbol id="sm-a9f">
         <name>C$$IO$$</name>
         <value>0x145c0</value>
         <object_component_ref idref="oc-491"/>
      </symbol>
      <symbol id="sm-aa0">
         <name>_CIOBUF_</name>
         <value>0x280c</value>
         <object_component_ref idref="oc-502"/>
      </symbol>
      <symbol id="sm-aa1">
         <name>__TI_writemsg</name>
         <value>0x1458e</value>
         <object_component_ref idref="oc-491"/>
      </symbol>
      <symbol id="sm-aaf">
         <name>_Dclass</name>
         <value>0x13ffa</value>
         <object_component_ref idref="oc-318"/>
      </symbol>
      <symbol id="sm-ad3">
         <name>_Dscale</name>
         <value>0x122ea</value>
         <object_component_ref idref="oc-4df"/>
      </symbol>
      <symbol id="sm-ae5">
         <name>_Dunscale</name>
         <value>0x13956</value>
         <object_component_ref idref="oc-457"/>
      </symbol>
      <symbol id="sm-af1">
         <name>_Feraise</name>
         <value>0x14522</value>
         <object_component_ref idref="oc-4e5"/>
      </symbol>
      <symbol id="sm-af8">
         <name>_Rteps</name>
         <value>0x25d8</value>
         <object_component_ref idref="oc-52c"/>
      </symbol>
      <symbol id="sm-af9">
         <name>_Zero</name>
         <value>0x25f0</value>
         <object_component_ref idref="oc-52c"/>
      </symbol>
      <symbol id="sm-afa">
         <name>_Hugeval</name>
         <value>0x2598</value>
         <object_component_ref idref="oc-52c"/>
      </symbol>
      <symbol id="sm-afb">
         <name>_Snan</name>
         <value>0x25c8</value>
         <object_component_ref idref="oc-52c"/>
      </symbol>
      <symbol id="sm-afc">
         <name>_Nan</name>
         <value>0x25b8</value>
         <object_component_ref idref="oc-52c"/>
      </symbol>
      <symbol id="sm-afd">
         <name>_Inf</name>
         <value>0x25a8</value>
         <object_component_ref idref="oc-52c"/>
      </symbol>
      <symbol id="sm-afe">
         <name>_Xbig</name>
         <value>0x25e8</value>
         <object_component_ref idref="oc-52c"/>
      </symbol>
      <symbol id="sm-aff">
         <name>_Eps</name>
         <value>0x2588</value>
         <object_component_ref idref="oc-52c"/>
      </symbol>
      <symbol id="sm-b00">
         <name>_Denorm</name>
         <value>0x2578</value>
         <object_component_ref idref="oc-52c"/>
      </symbol>
      <symbol id="sm-b18">
         <name>__TI_wrt_ok</name>
         <value>0x137ec</value>
         <object_component_ref idref="oc-28e"/>
      </symbol>
      <symbol id="sm-b22">
         <name>abs</name>
         <value>0x149a0</value>
         <object_component_ref idref="oc-4be"/>
      </symbol>
      <symbol id="sm-b44">
         <name>__mspabi_addd</name>
         <value>0x10ad0</value>
         <object_component_ref idref="oc-4c8"/>
      </symbol>
      <symbol id="sm-b52">
         <name>__mspabi_remli</name>
         <value>0x1428c</value>
         <object_component_ref idref="oc-4b9"/>
      </symbol>
      <symbol id="sm-b53">
         <name>__mspabi_divli</name>
         <value>0x1428c</value>
         <object_component_ref idref="oc-4b9"/>
      </symbol>
      <symbol id="sm-b5a">
         <name>_Errno</name>
         <value>0x26c6</value>
         <object_component_ref idref="oc-537"/>
      </symbol>
      <symbol id="sm-b72">
         <name>feraiseexcept</name>
         <value>0x145c4</value>
         <object_component_ref idref="oc-531"/>
      </symbol>
      <symbol id="sm-b73">
         <name>_Tls_setup__Fenv</name>
         <value>0x26b0</value>
         <object_component_ref idref="oc-573"/>
      </symbol>
      <symbol id="sm-b74">
         <name>_Fenv</name>
         <value>0x26ac</value>
         <object_component_ref idref="oc-573"/>
      </symbol>
      <symbol id="sm-b85">
         <name>__TI_doflush</name>
         <value>0x13d1c</value>
         <object_component_ref idref="oc-29a"/>
      </symbol>
      <symbol id="sm-ba6">
         <name>__TI_frcaddd</name>
         <value>0x1128c</value>
         <object_component_ref idref="oc-514"/>
      </symbol>
      <symbol id="sm-bb6">
         <name>fseek</name>
         <value>0x13b7c</value>
         <object_component_ref idref="oc-2dc"/>
      </symbol>
      <symbol id="sm-bbf">
         <name>__mspabi_slli</name>
         <value>0x149aa</value>
         <object_component_ref idref="oc-527"/>
      </symbol>
      <symbol id="sm-bc8">
         <name>__mspabi_srli</name>
         <value>0x149b4</value>
         <object_component_ref idref="oc-522"/>
      </symbol>
      <symbol id="sm-bdc">
         <name>raise</name>
         <value>0x1465c</value>
         <object_component_ref idref="oc-576"/>
      </symbol>
      <symbol id="sm-bf0">
         <name>__TI_renormd</name>
         <value>0x12fd4</value>
         <object_component_ref idref="oc-55c"/>
      </symbol>
      <symbol id="sm-c08">
         <name>setvbuf</name>
         <value>0x12cac</value>
         <object_component_ref idref="oc-2e2"/>
      </symbol>
      <symbol id="sm-c1d">
         <name>signal</name>
         <value>0x144b2</value>
         <object_component_ref idref="oc-598"/>
      </symbol>
      <symbol id="sm-c2a">
         <name>strcpy</name>
         <value>0x14932</value>
         <object_component_ref idref="oc-4a3"/>
      </symbol>
      <symbol id="sm-c3d">
         <name>_Dnorm</name>
         <value>0x128c6</value>
         <object_component_ref idref="oc-4d5"/>
      </symbol>
      <symbol id="sm-c49">
         <name>__TI_cleanup</name>
         <value>0x14558</value>
         <object_component_ref idref="oc-360"/>
      </symbol>
      <symbol id="sm-c94">
         <name>_sys_memory</name>
         <value>0x26cc</value>
         <object_component_ref idref="oc-d3"/>
      </symbol>
      <symbol id="sm-c95">
         <name>free</name>
         <value>0x13544</value>
         <object_component_ref idref="oc-354"/>
      </symbol>
      <symbol id="sm-c96">
         <name>malloc</name>
         <value>0x12e64</value>
         <object_component_ref idref="oc-35a"/>
      </symbol>
      <symbol id="sm-c97">
         <name>minit</name>
         <value>0x1424a</value>
         <object_component_ref idref="oc-3d7"/>
      </symbol>
      <symbol id="sm-ca8">
         <name>__TI_closefile</name>
         <value>0x139c8</value>
         <object_component_ref idref="oc-3de"/>
      </symbol>
      <symbol id="sm-cab">
         <name>__TI_INITARRAY_Base</name>
         <value>0x0</value>
      </symbol>
      <symbol id="sm-cac">
         <name>__TI_INITARRAY_Limit</name>
         <value>0x0</value>
      </symbol>
      <symbol id="sm-cad">
         <name>remove</name>
         <value>0x146c0</value>
      </symbol>
   </symbol_table>
   <title>Link successful</title>
</link_info>
